Microsoft Windows [Version 10.0.22621.1105]
(c) Microsoft Corporation. All rights reserved.

D:\web3\stackup.dev\8.enabling-payments-with-circle>git -v
unknown option: -v
usage: git [--version] [--help] [-C <path>] [-c <name>=<value>]
           [--exec-path[=<path>]] [--html-path] [--man-path] [--info-path]
           [-p | --paginate | -P | --no-pager] [--no-replace-objects] [--bare]
           [--git-dir=<path>] [--work-tree=<path>] [--namespace=<name>]
           [--super-prefix=<path>] [--config-env=<name>=<envvar>]
           <command> [<args>]

D:\web3\stackup.dev\8.enabling-payments-with-circle>git --version
git version 2.31.1.windows.1

D:\web3\stackup.dev\8.enabling-payments-with-circle>node -v
v16.19.0

D:\web3\stackup.dev\8.enabling-payments-with-circle>yarn --version
'yarn' is not recognized as an internal or external command,
operable program or batch file.

D:\web3\stackup.dev\8.enabling-payments-with-circle>npm install --global yarn

added 1 package in 3s

D:\web3\stackup.dev\8.enabling-payments-with-circle>>yarn --version
1.22.19

D:\web3\stackup.dev\8.enabling-payments-with-circle>git clone https://github.com/circlefin/payments-sample-app.git
Cloning into 'payments-sample-app'...
remote: Enumerating objects: 3231, done.
remote: Counting objects: 100% (228/228), done.
remote: Compressing objects: 100% (125/125), done.
remote: Total 3231 (delta 128), reused 191 (delta 102), pack-reused 3003
Receiving objects: 100% (3231/3231), 2.32 MiB | 2.53 MiB/s, done.
Resolving deltas: 100% (1910/1910), done.

D:\web3\stackup.dev\8.enabling-payments-with-circle>cd payments-sample-app

D:\web3\stackup.dev\8.enabling-payments-with-circle\payments-sample-app>echo BASE_URL=https://api-sandbox.circle.com > .env

D:\web3\stackup.dev\8.enabling-payments-with-circle\payments-sample-app>yarn install
yarn install v1.22.19
[1/4] Resolving packages...
[2/4] Fetching packages...
warning abitype@0.2.5: The engine "pnpm" appears to be invalid.
[3/4] Linking dependencies...
warning " > @fortawesome/vue-fontawesome@2.0.6" has unmet peer dependency "vue@~2".
warning "@nuxtjs/vuetify > sass-loader@12.4.0" has unmet peer dependency "webpack@^5.0.0".
warning "@nuxtjs/vuetify > vuetify@2.6.1" has unmet peer dependency "vue@^2.6.4".
warning "@nuxtjs/vuetify > vuetify-loader@1.7.3" has unmet peer dependency "vue-template-compiler@^2.6.10".
warning "@nuxtjs/vuetify > vuetify-loader@1.7.3" has unmet peer dependency "webpack@^4.0.0 || ^5.0.0".
warning "@nuxtjs/vuetify > vuetify-loader > file-loader@6.2.0" has unmet peer dependency "webpack@^4.0.0 || ^5.0.0".
warning "@wagmi/core > abitype@0.2.5" has unmet peer dependency "typescript@>=4.7.4".
warning "@wagmi/core > zustand > use-sync-external-store@1.2.0" has unmet peer dependency "react@^16.8.0 || ^17.0.0 || ^18.0.0".
warning "@wagmi/core > @wagmi/connectors > @coinbase/wallet-sdk > eth-block-tracker > @babel/plugin-transform-runtime@7.19.6" has unmet peer dependency "@babel/core@^7.0.0-0".
warning "@wagmi/core > @wagmi/connectors > @coinbase/wallet-sdk > eth-block-tracker > @babel/plugin-transform-runtime > babel-plugin-polyfill-corejs2@0.3.3" has unmet peer dependency "@babel/core@^7.0.0-0".
warning "@wagmi/core > @wagmi/connectors > @coinbase/wallet-sdk > eth-block-tracker > @babel/plugin-transform-runtime > babel-plugin-polyfill-corejs3@0.6.0" has unmet peer dependency "@babel/core@^7.0.0-0".
warning "@wagmi/core > @wagmi/connectors > @coinbase/wallet-sdk > eth-block-tracker > @babel/plugin-transform-runtime > babel-plugin-polyfill-regenerator@0.4.1" has unmet peer dependency "@babel/core@^7.0.0-0".
warning "@wagmi/core > @wagmi/connectors > @walletconnect/universal-provider > @walletconnect/sign-client > @walletconnect/heartbeat > ts-node@10.9.1" has unmet peer dependency "@types/node@*".
warning "@wagmi/core > @wagmi/connectors > @walletconnect/universal-provider > @walletconnect/sign-client > @walletconnect/heartbeat > ts-node@10.9.1" has unmet peer dependency "typescript@>=2.7".
warning "@wagmi/core > @wagmi/connectors > @coinbase/wallet-sdk > eth-block-tracker > @babel/plugin-transform-runtime > babel-plugin-polyfill-corejs2 > @babel/helper-define-polyfill-provider@0.3.3" has unmet peer dependency "@babel/core@^7.4.0-0".
warning "@wagmi/core > @wagmi/connectors > @coinbase/wallet-sdk > eth-block-tracker > @babel/plugin-transform-runtime > babel-plugin-polyfill-corejs2 > @babel/helper-define-polyfill-provider > @babel/helper-compilation-targets@7.20.7" has unmet peer dependency "@babel/core@^7.0.0".
warning "nuxt > @nuxt/components@2.2.1" has unmet peer dependency "consola@*".
warning "nuxt-fontawesome > @fortawesome/vue-fontawesome@0.1.9" has unmet peer dependency "vue@~2".
warning "nuxt-property-decorator > vue-class-component@7.2.6" has unmet peer dependency "vue@^2.0.0".
warning "nuxt-property-decorator > vue-property-decorator@9.1.2" has unmet peer dependency "vue@*".
warning "nuxt-property-decorator > vuex-class@0.3.2" has unmet peer dependency "vue@^2.5.0".
warning "nuxt-property-decorator > vuex-class@0.3.2" has unmet peer dependency "vuex@^3.0.0".
warning "nuxt-property-decorator > vuex-module-decorators@1.2.0" has unmet peer dependency "vue@>=2".
warning "nuxt-property-decorator > vuex-module-decorators@1.2.0" has unmet peer dependency "vuex@>=3".
warning " > vuex-persist@3.1.3" has unmet peer dependency "vuex@>=2.5".
warning "@nuxt/types > sass-loader@10.1.1" has unmet peer dependency "webpack@^4.36.0 || ^5.0.0".
warning "@nuxt/typescript-build > fork-ts-checker-webpack-plugin@6.5.0" has unmet peer dependency "webpack@>= 4".
warning "@nuxt/typescript-build > ts-loader@8.3.0" has unmet peer dependency "webpack@*".
warning "@nuxtjs/eslint-config-typescript > eslint-import-resolver-typescript@2.5.0" has unmet peer dependency "eslint-plugin-import@*".
warning "@nuxtjs/eslint-config-typescript > @nuxtjs/eslint-config > eslint-config-standard@16.0.3" has incorrect peer dependency "eslint@^7.12.1".
warning "@nuxtjs/eslint-config-typescript > @nuxtjs/eslint-config > eslint-plugin-promise@5.2.0" has incorrect peer dependency "eslint@^7.0.0".
warning "@nuxtjs/eslint-config-typescript > @typescript-eslint/eslint-plugin > tsutils@3.21.0" has unmet peer dependency "typescript@>=2.8.0 || >= 3.2.0-dev || >= 3.3.0-dev || >= 3.4.0-dev || >= 3.5.0-dev || >= 3.6.0-dev || >= 3.6.0-beta || >= 3.7.0-dev || >= 3.7.0-beta".
warning "@nuxtjs/eslint-module > eslint-webpack-plugin@2.6.0" has unmet peer dependency "webpack@^4.0.0 || ^5.0.0".
warning " > @vue/test-utils@1.3.0" has unmet peer dependency "vue@2.x".
warning " > @vue/test-utils@1.3.0" has unmet peer dependency "vue-template-compiler@^2.x".
warning " > babel-jest@27.4.2" has unmet peer dependency "@babel/core@^7.8.0".
warning "babel-jest > babel-preset-jest@27.4.0" has unmet peer dependency "@babel/core@^7.0.0".
warning "babel-jest > babel-preset-jest > babel-preset-current-node-syntax@1.0.1" has unmet peer dependency "@babel/core@^7.0.0".
warning "babel-jest > babel-preset-jest > babel-preset-current-node-syntax > @babel/plugin-syntax-bigint@7.8.3" has unmet peer dependency "@babel/core@^7.0.0-0".
warning "babel-jest > babel-preset-jest > babel-preset-current-node-syntax > @babel/plugin-syntax-class-properties@7.10.1" has unmet peer dependency "@babel/core@^7.0.0-0".
warning "babel-jest > babel-preset-jest > babel-preset-current-node-syntax > @babel/plugin-syntax-import-meta@7.10.4" has unmet peer dependency "@babel/core@^7.0.0-0".
warning "babel-jest > babel-preset-jest > babel-preset-current-node-syntax > @babel/plugin-syntax-logical-assignment-operators@7.10.1" has unmet peer dependency "@babel/core@^7.0.0-0".
warning "babel-jest > babel-preset-jest > babel-preset-current-node-syntax > @babel/plugin-syntax-numeric-separator@7.10.1" has unmet peer dependency "@babel/core@^7.0.0-0".
warning " > ts-jest@27.1.0" has unmet peer dependency "typescript@>=3.8 <5.0".
warning " > vue-jest@4.0.0-beta.2" has unmet peer dependency "@babel/core@7.x".
warning " > vue-jest@4.0.0-beta.2" has incorrect peer dependency "jest@^24.x".
warning " > vue-jest@4.0.0-beta.2" has unmet peer dependency "vue@^2.x".
warning " > vue-jest@4.0.0-beta.2" has unmet peer dependency "vue-template-compiler@^2.x".
warning "vue-jest > @babel/plugin-transform-modules-commonjs@7.10.1" has unmet peer dependency "@babel/core@^7.0.0-0".
warning "vue-jest > ts-jest@23.10.5" has incorrect peer dependency "jest@>=22 <24".
[4/4] Building fresh packages...
Done in 370.20s.

D:\web3\stackup.dev\8.enabling-payments-with-circle\payments-sample-app>yarn dev
yarn run v1.22.19
$ cross-env NODE_ENV=development nuxt

i NuxtJS collects completely anonymous data about usage.                                                      03:16:49
  This will help us improve Nuxt developer experience over time.
  Read more on https://git.io/nuxt-telemetry

? Are you interested in participating? Yes


   ╭─────────────────────────────────────────────╮
   │                                             │
   │   Nuxt @ v2.15.8                            │
   │                                             │
   │   ▸ Environment: development                │
   │   ▸ Rendering:   client-side                │
   │   ▸ Target:      server                     │
   │                                             │
   │   Listening: http://192.168.191.137:3011/   │
   │                                             │
   ╰─────────────────────────────────────────────╯

i Preparing project for development                                                                           03:17:08
i Initial build may take a while                                                                              03:17:08
√ Builder initialized                                                                                         03:17:08
√ Nuxt files generated                                                                                        03:17:09

 WARN  Browserslist: caniuse-lite is outdated. Please run:                                                    03:17:16
npx browserslist@latest --update-db

Why you should do it regularly:
https://github.com/browserslist/browserslist#browsers-data-updating


√ Client
  Compiled successfully in 54.79s


 WARN  Browserslist: caniuse-lite is outdated. Please run:                                                    03:17:26
  npx browserslist@latest --update-db
  Why you should do it regularly: https://github.com/browserslist/browserslist#browsers-data-updating

i Waiting for file changes                                                                                    03:18:18
i Memory usage: 518 MB (RSS: 898 MB)                                                                          03:18:18
i Listening on: http://192.168.191.137:3011/                                                                  03:18:18
No issues found.                                                                                              03:18:18




D:\web3\stackup.dev\8.enabling-payments-with-circle\payments-sample-app>





























































Microsoft Windows [Version 10.0.22621.1105]
(c) Microsoft Corporation. All rights reserved.

D:\web3\stackup.dev>git status
On branch trunk
Your branch is up to date with 'origin/trunk'.

Untracked files:
  (use "git add <file>..." to include in what will be committed)
        8.enabling-payments-with-circle/

nothing added to commit but untracked files present (use "git add" to track)

D:\web3\stackup.dev>cd 8.enabling-payments-with-circle

D:\web3\stackup.dev\8.enabling-payments-with-circle>git status
On branch trunk
Your branch is up to date with 'origin/trunk'.

Untracked files:
  (use "git add <file>..." to include in what will be committed)
        ./

nothing added to commit but untracked files present (use "git add" to track)

D:\web3\stackup.dev\8.enabling-payments-with-circle>git status
On branch trunk
Your branch is up to date with 'origin/trunk'.

Untracked files:
  (use "git add <file>..." to include in what will be committed)
        ./

nothing added to commit but untracked files present (use "git add" to track)

D:\web3\stackup.dev\8.enabling-payments-with-circle>cd ..

D:\web3\stackup.dev>git status
On branch trunk
Your branch is up to date with 'origin/trunk'.

Untracked files:
  (use "git add <file>..." to include in what will be committed)
        8.enabling-payments-with-circle/

nothing added to commit but untracked files present (use "git add" to track)

D:\web3\stackup.dev>cd 8.enabling-payments-with-circle

D:\web3\stackup.dev\8.enabling-payments-with-circle>git status
On branch trunk
Your branch is up to date with 'origin/trunk'.

Untracked files:
  (use "git add <file>..." to include in what will be committed)
        ./

nothing added to commit but untracked files present (use "git add" to track)

D:\web3\stackup.dev\8.enabling-payments-with-circle>cd ./

D:\web3\stackup.dev\8.enabling-payments-with-circle>cd payments-sample-app

D:\web3\stackup.dev\8.enabling-payments-with-circle\payments-sample-app>git status
On branch trunk
Your branch is up to date with 'origin/trunk'.

Untracked files:
  (use "git add <file>..." to include in what will be committed)
        ../

nothing added to commit but untracked files present (use "git add" to track)

D:\web3\stackup.dev\8.enabling-payments-with-circle\payments-sample-app>cd ..

D:\web3\stackup.dev\8.enabling-payments-with-circle>cd ..

D:\web3\stackup.dev>git status
On branch trunk
Your branch is up to date with 'origin/trunk'.

Untracked files:
  (use "git add <file>..." to include in what will be committed)
        8.enabling-payments-with-circle/

nothing added to commit but untracked files present (use "git add" to track)

D:\web3\stackup.dev>git add .
warning: LF will be replaced by CRLF in 8.enabling-payments-with-circle/payments-sample-app/1.git.clone/HEAD.
The file will have its original line endings in your working directory
warning: LF will be replaced by CRLF in 8.enabling-payments-with-circle/payments-sample-app/1.git.clone/config.
The file will have its original line endings in your working directory
warning: LF will be replaced by CRLF in 8.enabling-payments-with-circle/payments-sample-app/1.git.clone/description.
The file will have its original line endings in your working directory
warning: LF will be replaced by CRLF in 8.enabling-payments-with-circle/payments-sample-app/1.git.clone/hooks/applypatch-msg.sample.
The file will have its original line endings in your working directory
warning: LF will be replaced by CRLF in 8.enabling-payments-with-circle/payments-sample-app/1.git.clone/hooks/commit-msg.sample.
The file will have its original line endings in your working directory
warning: LF will be replaced by CRLF in 8.enabling-payments-with-circle/payments-sample-app/1.git.clone/hooks/fsmonitor-watchman.sample.
The file will have its original line endings in your working directory
warning: LF will be replaced by CRLF in 8.enabling-payments-with-circle/payments-sample-app/1.git.clone/hooks/post-update.sample.
The file will have its original line endings in your working directory
warning: LF will be replaced by CRLF in 8.enabling-payments-with-circle/payments-sample-app/1.git.clone/hooks/pre-applypatch.sample.
The file will have its original line endings in your working directory
warning: LF will be replaced by CRLF in 8.enabling-payments-with-circle/payments-sample-app/1.git.clone/hooks/pre-commit.sample.
The file will have its original line endings in your working directory
warning: LF will be replaced by CRLF in 8.enabling-payments-with-circle/payments-sample-app/1.git.clone/hooks/pre-merge-commit.sample.
The file will have its original line endings in your working directory
warning: LF will be replaced by CRLF in 8.enabling-payments-with-circle/payments-sample-app/1.git.clone/hooks/pre-push.sample.
The file will have its original line endings in your working directory
warning: LF will be replaced by CRLF in 8.enabling-payments-with-circle/payments-sample-app/1.git.clone/hooks/pre-rebase.sample.
The file will have its original line endings in your working directory
warning: LF will be replaced by CRLF in 8.enabling-payments-with-circle/payments-sample-app/1.git.clone/hooks/pre-receive.sample.
The file will have its original line endings in your working directory
warning: LF will be replaced by CRLF in 8.enabling-payments-with-circle/payments-sample-app/1.git.clone/hooks/prepare-commit-msg.sample.
The file will have its original line endings in your working directory
warning: LF will be replaced by CRLF in 8.enabling-payments-with-circle/payments-sample-app/1.git.clone/hooks/push-to-checkout.sample.
The file will have its original line endings in your working directory
warning: LF will be replaced by CRLF in 8.enabling-payments-with-circle/payments-sample-app/1.git.clone/hooks/update.sample.
The file will have its original line endings in your working directory
warning: LF will be replaced by CRLF in 8.enabling-payments-with-circle/payments-sample-app/1.git.clone/info/exclude.
The file will have its original line endings in your working directory
warning: LF will be replaced by CRLF in 8.enabling-payments-with-circle/payments-sample-app/1.git.clone/packed-refs.
The file will have its original line endings in your working directory
warning: LF will be replaced by CRLF in 8.enabling-payments-with-circle/payments-sample-app/1.git.clone/refs/heads/master.
The file will have its original line endings in your working directory
warning: LF will be replaced by CRLF in 8.enabling-payments-with-circle/payments-sample-app/1.git.clone/refs/remotes/origin/HEAD.
The file will have its original line endings in your working directory

D:\web3\stackup.dev>git status
On branch trunk
Your branch is up to date with 'origin/trunk'.

Changes to be committed:
  (use "git restore --staged <file>..." to unstage)
        new file:   8.enabling-payments-with-circle/C58_Q1_suvrajeet.png
        new file:   8.enabling-payments-with-circle/C58_Q2_suvrajeet.png
        new file:   8.enabling-payments-with-circle/C58_Q3_suvrajeet.png
        new file:   8.enabling-payments-with-circle/C58_Q4_suvrajeet.png
        new file:   8.enabling-payments-with-circle/api-key.app-sandbox.circle-q3.txt
        new file:   8.enabling-payments-with-circle/api-key.exchangerate.txt
        new file:   8.enabling-payments-with-circle/payments-sample-app/.babelrc
        new file:   8.enabling-payments-with-circle/payments-sample-app/.dockerignore
        new file:   8.enabling-payments-with-circle/payments-sample-app/.editorconfig
        new file:   8.enabling-payments-with-circle/payments-sample-app/.eslintignore
        new file:   8.enabling-payments-with-circle/payments-sample-app/.eslintrc.js
        new file:   8.enabling-payments-with-circle/payments-sample-app/.gitignore
        new file:   8.enabling-payments-with-circle/payments-sample-app/.nvmrc
        new file:   8.enabling-payments-with-circle/payments-sample-app/.prettierrc
        new file:   8.enabling-payments-with-circle/payments-sample-app/1.git.clone/HEAD
        new file:   8.enabling-payments-with-circle/payments-sample-app/1.git.clone/config
        new file:   8.enabling-payments-with-circle/payments-sample-app/1.git.clone/description
        new file:   8.enabling-payments-with-circle/payments-sample-app/1.git.clone/hooks/applypatch-msg.sample
        new file:   8.enabling-payments-with-circle/payments-sample-app/1.git.clone/hooks/commit-msg.sample
        new file:   8.enabling-payments-with-circle/payments-sample-app/1.git.clone/hooks/fsmonitor-watchman.sample
        new file:   8.enabling-payments-with-circle/payments-sample-app/1.git.clone/hooks/post-update.sample
        new file:   8.enabling-payments-with-circle/payments-sample-app/1.git.clone/hooks/pre-applypatch.sample
        new file:   8.enabling-payments-with-circle/payments-sample-app/1.git.clone/hooks/pre-commit.sample
        new file:   8.enabling-payments-with-circle/payments-sample-app/1.git.clone/hooks/pre-merge-commit.sample
        new file:   8.enabling-payments-with-circle/payments-sample-app/1.git.clone/hooks/pre-push.sample
        new file:   8.enabling-payments-with-circle/payments-sample-app/1.git.clone/hooks/pre-rebase.sample
        new file:   8.enabling-payments-with-circle/payments-sample-app/1.git.clone/hooks/pre-receive.sample
        new file:   8.enabling-payments-with-circle/payments-sample-app/1.git.clone/hooks/prepare-commit-msg.sample
        new file:   8.enabling-payments-with-circle/payments-sample-app/1.git.clone/hooks/push-to-checkout.sample
        new file:   8.enabling-payments-with-circle/payments-sample-app/1.git.clone/hooks/update.sample
        new file:   8.enabling-payments-with-circle/payments-sample-app/1.git.clone/index
        new file:   8.enabling-payments-with-circle/payments-sample-app/1.git.clone/info/exclude
        new file:   8.enabling-payments-with-circle/payments-sample-app/1.git.clone/objects/pack/pack-371f3609c8aeaf5ab9deadecdb0e7d3ae628c074.idx
        new file:   8.enabling-payments-with-circle/payments-sample-app/1.git.clone/objects/pack/pack-371f3609c8aeaf5ab9deadecdb0e7d3ae628c074.pack
        new file:   8.enabling-payments-with-circle/payments-sample-app/1.git.clone/packed-refs
        new file:   8.enabling-payments-with-circle/payments-sample-app/1.git.clone/refs/heads/master
        new file:   8.enabling-payments-with-circle/payments-sample-app/1.git.clone/refs/remotes/origin/HEAD
        new file:   8.enabling-payments-with-circle/payments-sample-app/README.md
        new file:   8.enabling-payments-with-circle/payments-sample-app/assets/README.md
        new file:   8.enabling-payments-with-circle/payments-sample-app/assets/applePayButton.css
        new file:   8.enabling-payments-with-circle/payments-sample-app/assets/variables.scss
        new file:   8.enabling-payments-with-circle/payments-sample-app/components/AmountInput.vue
        new file:   8.enabling-payments-with-circle/payments-sample-app/components/CVVInput.vue
        new file:   8.enabling-payments-with-circle/payments-sample-app/components/CardInput.vue
        new file:   8.enabling-payments-with-circle/payments-sample-app/components/ChainSelect.vue
        new file:   8.enabling-payments-with-circle/payments-sample-app/components/CountrySelect.vue
        new file:   8.enabling-payments-with-circle/payments-sample-app/components/CreateCardForm.vue
        new file:   8.enabling-payments-with-circle/payments-sample-app/components/Environment.vue
        new file:   8.enabling-payments-with-circle/payments-sample-app/components/ErrorSheet.vue
        new file:   8.enabling-payments-with-circle/payments-sample-app/components/ExpiryInput.vue
        new file:   8.enabling-payments-with-circle/payments-sample-app/components/MarketplaceInfoFields.vue
        new file:   8.enabling-payments-with-circle/payments-sample-app/components/PaymentStatus.vue
        new file:   8.enabling-payments-with-circle/payments-sample-app/components/README.md
        new file:   8.enabling-payments-with-circle/payments-sample-app/components/RequestInfo.vue
        new file:   8.enabling-payments-with-circle/payments-sample-app/deploy/aws/buildspec_build.yml
        new file:   8.enabling-payments-with-circle/payments-sample-app/deploy/aws/buildspec_deploy.yml
        new file:   8.enabling-payments-with-circle/payments-sample-app/devtools/README.md
        new file:   8.enabling-payments-with-circle/payments-sample-app/devtools/node/.eslintrc.js
        new file:   8.enabling-payments-with-circle/payments-sample-app/devtools/node/httpserver.js
        new file:   8.enabling-payments-with-circle/payments-sample-app/devtools/node/package.json
        new file:   8.enabling-payments-with-circle/payments-sample-app/devtools/node/yarn.lock
        new file:   8.enabling-payments-with-circle/payments-sample-app/devtools/python/httpserver.py
        new file:   8.enabling-payments-with-circle/payments-sample-app/helpers/validation.ts
        new file:   8.enabling-payments-with-circle/payments-sample-app/jest.config.js
        new file:   8.enabling-payments-with-circle/payments-sample-app/jsconfig.json
        new file:   8.enabling-payments-with-circle/payments-sample-app/layouts/README.md
        new file:   8.enabling-payments-with-circle/payments-sample-app/layouts/default.vue
        new file:   8.enabling-payments-with-circle/payments-sample-app/layouts/error.vue
        new file:   8.enabling-payments-with-circle/payments-sample-app/lib/achApi.ts
        new file:   8.enabling-payments-with-circle/payments-sample-app/lib/achTestData.ts
        new file:   8.enabling-payments-with-circle/payments-sample-app/lib/addressesApi.ts
        new file:   8.enabling-payments-with-circle/payments-sample-app/lib/apiTarget.ts
        new file:   8.enabling-payments-with-circle/payments-sample-app/lib/applePay.ts
        new file:   8.enabling-payments-with-circle/payments-sample-app/lib/beta/addressBookApi.ts
        new file:   8.enabling-payments-with-circle/payments-sample-app/lib/businessAccount/addressesApi.ts
        new file:   8.enabling-payments-with-circle/payments-sample-app/lib/businessAccount/balancesApi.ts
        new file:   8.enabling-payments-with-circle/payments-sample-app/lib/businessAccount/bankAccountsApi.ts
        new file:   8.enabling-payments-with-circle/payments-sample-app/lib/businessAccount/bankAccountsTestData.ts
        new file:   8.enabling-payments-with-circle/payments-sample-app/lib/businessAccount/depositsApi.ts
        new file:   8.enabling-payments-with-circle/payments-sample-app/lib/businessAccount/payoutsApi.ts
        new file:   8.enabling-payments-with-circle/payments-sample-app/lib/businessAccount/senAccountsApi.ts
        new file:   8.enabling-payments-with-circle/payments-sample-app/lib/businessAccount/transfersApi.ts
        new file:   8.enabling-payments-with-circle/payments-sample-app/lib/cardTestData.ts
        new file:   8.enabling-payments-with-circle/payments-sample-app/lib/cardsApi.ts
        new file:   8.enabling-payments-with-circle/payments-sample-app/lib/chains.json
        new file:   8.enabling-payments-with-circle/payments-sample-app/lib/chargebacksApi.ts
        new file:   8.enabling-payments-with-circle/payments-sample-app/lib/checkoutSessionsApi.ts
        new file:   8.enabling-payments-with-circle/payments-sample-app/lib/countries.json
        new file:   8.enabling-payments-with-circle/payments-sample-app/lib/cryptoPaymentMetadataApi.ts
        new file:   8.enabling-payments-with-circle/payments-sample-app/lib/cryptoPaymentsApi.ts
        new file:   8.enabling-payments-with-circle/payments-sample-app/lib/eventBus.js
        new file:   8.enabling-payments-with-circle/payments-sample-app/lib/googlePay.ts
        new file:   8.enabling-payments-with-circle/payments-sample-app/lib/marketplaceApi.ts
        new file:   8.enabling-payments-with-circle/payments-sample-app/lib/mocksApi.ts
        new file:   8.enabling-payments-with-circle/payments-sample-app/lib/navigatorInfo.ts
        new file:   8.enabling-payments-with-circle/payments-sample-app/lib/openpgp.ts
        new file:   8.enabling-payments-with-circle/payments-sample-app/lib/paymentIntentsApi.ts
        new file:   8.enabling-payments-with-circle/payments-sample-app/lib/paymentsApi.ts
        new file:   8.enabling-payments-with-circle/payments-sample-app/lib/payoutsApi.ts
        new file:   8.enabling-payments-with-circle/payments-sample-app/lib/sepaApi.ts
        new file:   8.enabling-payments-with-circle/payments-sample-app/lib/sepaTestData.ts
        new file:   8.enabling-payments-with-circle/payments-sample-app/lib/settlementsApi.ts
        new file:   8.enabling-payments-with-circle/payments-sample-app/lib/transfersApi.ts
        new file:   8.enabling-payments-with-circle/payments-sample-app/lib/walletConnect.ts
        new file:   8.enabling-payments-with-circle/payments-sample-app/lib/walletsApi.ts
        new file:   8.enabling-payments-with-circle/payments-sample-app/lib/wiresApi.ts
        new file:   8.enabling-payments-with-circle/payments-sample-app/lib/wiresTestData.ts
        new file:   8.enabling-payments-with-circle/payments-sample-app/middleware/README.md
        new file:   8.enabling-payments-with-circle/payments-sample-app/nuxt.config.js
        new file:   8.enabling-payments-with-circle/payments-sample-app/package.json
        new file:   8.enabling-payments-with-circle/payments-sample-app/pages/README.md
        new file:   8.enabling-payments-with-circle/payments-sample-app/pages/debug/ach/create.vue
        new file:   8.enabling-payments-with-circle/payments-sample-app/pages/debug/ach/details.vue
        new file:   8.enabling-payments-with-circle/payments-sample-app/pages/debug/ach/mocks/create.vue
        new file:   8.enabling-payments-with-circle/payments-sample-app/pages/debug/beta/addressBook/create.vue
        new file:   8.enabling-payments-with-circle/payments-sample-app/pages/debug/beta/addressBook/delete.vue
        new file:   8.enabling-payments-with-circle/payments-sample-app/pages/debug/beta/addressBook/details.vue
        new file:   8.enabling-payments-with-circle/payments-sample-app/pages/debug/beta/addressBook/fetch.vue
        new file:   8.enabling-payments-with-circle/payments-sample-app/pages/debug/beta/addressBook/patch.vue
        new file:   8.enabling-payments-with-circle/payments-sample-app/pages/debug/businessAccount/addresses/deposit/create.vue
        new file:   8.enabling-payments-with-circle/payments-sample-app/pages/debug/businessAccount/addresses/deposit/fetch.vue
        new file:   8.enabling-payments-with-circle/payments-sample-app/pages/debug/businessAccount/addresses/recipient/create.vue
        new file:   8.enabling-payments-with-circle/payments-sample-app/pages/debug/businessAccount/addresses/recipient/fetch.vue
        new file:   8.enabling-payments-with-circle/payments-sample-app/pages/debug/businessAccount/balances/fetch.vue
        new file:   8.enabling-payments-with-circle/payments-sample-app/pages/debug/businessAccount/bankAccounts/create.vue
        new file:   8.enabling-payments-with-circle/payments-sample-app/pages/debug/businessAccount/bankAccounts/details.vue
        new file:   8.enabling-payments-with-circle/payments-sample-app/pages/debug/businessAccount/bankAccounts/fetch.vue
        new file:   8.enabling-payments-with-circle/payments-sample-app/pages/debug/businessAccount/bankAccounts/instructions.vue
        new file:   8.enabling-payments-with-circle/payments-sample-app/pages/debug/businessAccount/deposits/fetch.vue
        new file:   8.enabling-payments-with-circle/payments-sample-app/pages/debug/businessAccount/index.vue
        new file:   8.enabling-payments-with-circle/payments-sample-app/pages/debug/businessAccount/payouts/create.vue
        new file:   8.enabling-payments-with-circle/payments-sample-app/pages/debug/businessAccount/payouts/details.vue
        new file:   8.enabling-payments-with-circle/payments-sample-app/pages/debug/businessAccount/payouts/fetch.vue
        new file:   8.enabling-payments-with-circle/payments-sample-app/pages/debug/businessAccount/senAccounts/create.vue
        new file:   8.enabling-payments-with-circle/payments-sample-app/pages/debug/businessAccount/senAccounts/details.vue
        new file:   8.enabling-payments-with-circle/payments-sample-app/pages/debug/businessAccount/senAccounts/fetch.vue
        new file:   8.enabling-payments-with-circle/payments-sample-app/pages/debug/businessAccount/senAccounts/instructions.vue
        new file:   8.enabling-payments-with-circle/payments-sample-app/pages/debug/businessAccount/transfers/create.vue
        new file:   8.enabling-payments-with-circle/payments-sample-app/pages/debug/businessAccount/transfers/details.vue
        new file:   8.enabling-payments-with-circle/payments-sample-app/pages/debug/businessAccount/transfers/fetch.vue
        new file:   8.enabling-payments-with-circle/payments-sample-app/pages/debug/cards/create.vue
        new file:   8.enabling-payments-with-circle/payments-sample-app/pages/debug/cards/details.vue
        new file:   8.enabling-payments-with-circle/payments-sample-app/pages/debug/cards/fetch.vue
        new file:   8.enabling-payments-with-circle/payments-sample-app/pages/debug/cards/update.vue
        new file:   8.enabling-payments-with-circle/payments-sample-app/pages/debug/chargebacks/details.vue
        new file:   8.enabling-payments-with-circle/payments-sample-app/pages/debug/chargebacks/fetch.vue
        new file:   8.enabling-payments-with-circle/payments-sample-app/pages/debug/chargebacks/mocks/create.vue
        new file:   8.enabling-payments-with-circle/payments-sample-app/pages/debug/checkoutSessions/create.vue
        new file:   8.enabling-payments-with-circle/payments-sample-app/pages/debug/checkoutSessions/details.vue
        new file:   8.enabling-payments-with-circle/payments-sample-app/pages/debug/checkoutSessions/extend.vue
        new file:   8.enabling-payments-with-circle/payments-sample-app/pages/debug/checkoutSessions/fetch.vue
        new file:   8.enabling-payments-with-circle/payments-sample-app/pages/debug/checkoutSessions/index.vue
        new file:   8.enabling-payments-with-circle/payments-sample-app/pages/debug/digitalDollarAccounts/index.vue
        new file:   8.enabling-payments-with-circle/payments-sample-app/pages/debug/index.vue
        new file:   8.enabling-payments-with-circle/payments-sample-app/pages/debug/marketplace/merchants/fetch.vue
        new file:   8.enabling-payments-with-circle/payments-sample-app/pages/debug/marketplace/payments/cancel.vue
        new file:   8.enabling-payments-with-circle/payments-sample-app/pages/debug/marketplace/payments/capture.vue
        new file:   8.enabling-payments-with-circle/payments-sample-app/pages/debug/marketplace/payments/create.vue
        new file:   8.enabling-payments-with-circle/payments-sample-app/pages/debug/marketplace/payments/details.vue
        new file:   8.enabling-payments-with-circle/payments-sample-app/pages/debug/marketplace/payments/fetch.vue
        new file:   8.enabling-payments-with-circle/payments-sample-app/pages/debug/marketplace/payments/refund.vue
        new file:   8.enabling-payments-with-circle/payments-sample-app/pages/debug/paymentIntents/create.vue
        new file:   8.enabling-payments-with-circle/payments-sample-app/pages/debug/paymentIntents/createCryptoRefund.vue
        new file:   8.enabling-payments-with-circle/payments-sample-app/pages/debug/paymentIntents/details.vue
        new file:   8.enabling-payments-with-circle/payments-sample-app/pages/debug/paymentIntents/expire.vue
        new file:   8.enabling-payments-with-circle/payments-sample-app/pages/debug/paymentIntents/fetch.vue
        new file:   8.enabling-payments-with-circle/payments-sample-app/pages/debug/paymentIntents/index.vue
        new file:   8.enabling-payments-with-circle/payments-sample-app/pages/debug/payments/balances/fetch.vue
        new file:   8.enabling-payments-with-circle/payments-sample-app/pages/debug/payments/cancel.vue
        new file:   8.enabling-payments-with-circle/payments-sample-app/pages/debug/payments/capture.vue
        new file:   8.enabling-payments-with-circle/payments-sample-app/pages/debug/payments/create.vue
        new file:   8.enabling-payments-with-circle/payments-sample-app/pages/debug/payments/crypto/create.vue
        new file:   8.enabling-payments-with-circle/payments-sample-app/pages/debug/payments/crypto/presign.vue
        new file:   8.enabling-payments-with-circle/payments-sample-app/pages/debug/payments/details.vue
        new file:   8.enabling-payments-with-circle/payments-sample-app/pages/debug/payments/digitalWallets/paymenttokens.vue
        new file:   8.enabling-payments-with-circle/payments-sample-app/pages/debug/payments/fetch.vue
        new file:   8.enabling-payments-with-circle/payments-sample-app/pages/debug/payments/mocks/sen.vue
        new file:   8.enabling-payments-with-circle/payments-sample-app/pages/debug/payments/mocks/sepa.vue
        new file:   8.enabling-payments-with-circle/payments-sample-app/pages/debug/payments/mocks/wire.vue
        new file:   8.enabling-payments-with-circle/payments-sample-app/pages/debug/payments/refund.vue
        new file:   8.enabling-payments-with-circle/payments-sample-app/pages/debug/payouts/create.vue
        new file:   8.enabling-payments-with-circle/payments-sample-app/pages/debug/payouts/details.vue
        new file:   8.enabling-payments-with-circle/payments-sample-app/pages/debug/payouts/fetch.vue
        new file:   8.enabling-payments-with-circle/payments-sample-app/pages/debug/payouts/index.vue
        new file:   8.enabling-payments-with-circle/payments-sample-app/pages/debug/returns/fetch.vue
        new file:   8.enabling-payments-with-circle/payments-sample-app/pages/debug/reversals/fetch.vue
        new file:   8.enabling-payments-with-circle/payments-sample-app/pages/debug/sepa/create.vue
        new file:   8.enabling-payments-with-circle/payments-sample-app/pages/debug/sepa/details.vue
        new file:   8.enabling-payments-with-circle/payments-sample-app/pages/debug/sepa/instructions.vue
        new file:   8.enabling-payments-with-circle/payments-sample-app/pages/debug/settlements/details.vue
        new file:   8.enabling-payments-with-circle/payments-sample-app/pages/debug/settlements/fetch.vue
        new file:   8.enabling-payments-with-circle/payments-sample-app/pages/debug/wallets/addresses/create.vue
        new file:   8.enabling-payments-with-circle/payments-sample-app/pages/debug/wallets/addresses/fetch.vue
        new file:   8.enabling-payments-with-circle/payments-sample-app/pages/debug/wallets/index.vue
        new file:   8.enabling-payments-with-circle/payments-sample-app/pages/debug/wallets/transfers/create.vue
        new file:   8.enabling-payments-with-circle/payments-sample-app/pages/debug/wallets/transfers/details.vue
        new file:   8.enabling-payments-with-circle/payments-sample-app/pages/debug/wallets/transfers/fetch.vue
        new file:   8.enabling-payments-with-circle/payments-sample-app/pages/debug/wallets/wallets/create.vue
        new file:   8.enabling-payments-with-circle/payments-sample-app/pages/debug/wallets/wallets/details.vue
        new file:   8.enabling-payments-with-circle/payments-sample-app/pages/debug/wallets/wallets/fetch.vue
        new file:   8.enabling-payments-with-circle/payments-sample-app/pages/debug/wires/create.vue
        new file:   8.enabling-payments-with-circle/payments-sample-app/pages/debug/wires/details.vue
        new file:   8.enabling-payments-with-circle/payments-sample-app/pages/debug/wires/instructions.vue
        new file:   8.enabling-payments-with-circle/payments-sample-app/pages/flow/card/create/index.vue
        new file:   8.enabling-payments-with-circle/payments-sample-app/pages/flow/charge/existing-card/index.vue
        new file:   8.enabling-payments-with-circle/payments-sample-app/pages/flow/charge/index.vue
        new file:   8.enabling-payments-with-circle/payments-sample-app/pages/index.vue
        new file:   8.enabling-payments-with-circle/payments-sample-app/plugins/README.md
        new file:   8.enabling-payments-with-circle/payments-sample-app/plugins/achApi.ts
        new file:   8.enabling-payments-with-circle/payments-sample-app/plugins/addressesApi.ts
        new file:   8.enabling-payments-with-circle/payments-sample-app/plugins/beta/addressBookApi.ts
        new file:   8.enabling-payments-with-circle/payments-sample-app/plugins/businessAccount/addressesApi.ts
        new file:   8.enabling-payments-with-circle/payments-sample-app/plugins/businessAccount/balancesApi.ts
        new file:   8.enabling-payments-with-circle/payments-sample-app/plugins/businessAccount/bankAccountsApi.ts
        new file:   8.enabling-payments-with-circle/payments-sample-app/plugins/businessAccount/depositsApi.ts
        new file:   8.enabling-payments-with-circle/payments-sample-app/plugins/businessAccount/payoutsApi.ts
        new file:   8.enabling-payments-with-circle/payments-sample-app/plugins/businessAccount/senAccountsApi.ts
        new file:   8.enabling-payments-with-circle/payments-sample-app/plugins/businessAccount/transfersApi.ts
        new file:   8.enabling-payments-with-circle/payments-sample-app/plugins/cardsApi.ts
        new file:   8.enabling-payments-with-circle/payments-sample-app/plugins/chargebacksApi.ts
        new file:   8.enabling-payments-with-circle/payments-sample-app/plugins/checkoutSessionsApi.ts
        new file:   8.enabling-payments-with-circle/payments-sample-app/plugins/cryptoPaymentMetadataApi.ts
        new file:   8.enabling-payments-with-circle/payments-sample-app/plugins/cryptoPaymentsApi.ts
        new file:   8.enabling-payments-with-circle/payments-sample-app/plugins/marketplaceApi.ts
        new file:   8.enabling-payments-with-circle/payments-sample-app/plugins/mocksApi.ts
        new file:   8.enabling-payments-with-circle/payments-sample-app/plugins/paymentIntentsApi.ts
        new file:   8.enabling-payments-with-circle/payments-sample-app/plugins/paymentsApi.ts
        new file:   8.enabling-payments-with-circle/payments-sample-app/plugins/payoutsApi.ts
        new file:   8.enabling-payments-with-circle/payments-sample-app/plugins/sepaApi.ts
        new file:   8.enabling-payments-with-circle/payments-sample-app/plugins/settlementsApi.ts
        new file:   8.enabling-payments-with-circle/payments-sample-app/plugins/transfersApi.ts
        new file:   8.enabling-payments-with-circle/payments-sample-app/plugins/walletsApi.ts
        new file:   8.enabling-payments-with-circle/payments-sample-app/plugins/wiresApi.ts
        new file:   8.enabling-payments-with-circle/payments-sample-app/server-middleware/apiApplePay.ts
        new file:   8.enabling-payments-with-circle/payments-sample-app/server-middleware/apiGooglePay.ts
        new file:   8.enabling-payments-with-circle/payments-sample-app/server-middleware/applePaySettings.ts
        new file:   8.enabling-payments-with-circle/payments-sample-app/server-middleware/domainVerification.ts
        new file:   8.enabling-payments-with-circle/payments-sample-app/server-middleware/googlePaySecrets.ts
        new file:   8.enabling-payments-with-circle/payments-sample-app/server-middleware/serverEnv.ts
        new file:   8.enabling-payments-with-circle/payments-sample-app/server/api.ts
        new file:   8.enabling-payments-with-circle/payments-sample-app/server/index.js
        new file:   8.enabling-payments-with-circle/payments-sample-app/static/README.md
        new file:   8.enabling-payments-with-circle/payments-sample-app/static/favicon.ico
        new file:   8.enabling-payments-with-circle/payments-sample-app/static/v.png
        new file:   8.enabling-payments-with-circle/payments-sample-app/store/README.md
        new file:   8.enabling-payments-with-circle/payments-sample-app/store/index.ts
        new file:   8.enabling-payments-with-circle/payments-sample-app/test/unit/lib/apiTarget.spec.js
        new file:   8.enabling-payments-with-circle/payments-sample-app/tsconfig.json
        new file:   8.enabling-payments-with-circle/payments-sample-app/yarn.lock
        new file:   8.enabling-payments-with-circle/terminal-commands-q4.txt


D:\web3\stackup.dev>git commit -m "stackup.dev"
[trunk e4687b0] stackup.dev
 250 files changed, 39839 insertions(+)
 create mode 100644 8.enabling-payments-with-circle/C58_Q1_suvrajeet.png
 create mode 100644 8.enabling-payments-with-circle/C58_Q2_suvrajeet.png
 create mode 100644 8.enabling-payments-with-circle/C58_Q3_suvrajeet.png
 create mode 100644 8.enabling-payments-with-circle/C58_Q4_suvrajeet.png
 create mode 100644 8.enabling-payments-with-circle/api-key.app-sandbox.circle-q3.txt
 create mode 100644 8.enabling-payments-with-circle/api-key.exchangerate.txt
 create mode 100644 8.enabling-payments-with-circle/payments-sample-app/.babelrc
 create mode 100644 8.enabling-payments-with-circle/payments-sample-app/.dockerignore
 create mode 100644 8.enabling-payments-with-circle/payments-sample-app/.editorconfig
 create mode 100644 8.enabling-payments-with-circle/payments-sample-app/.eslintignore
 create mode 100644 8.enabling-payments-with-circle/payments-sample-app/.eslintrc.js
 create mode 100644 8.enabling-payments-with-circle/payments-sample-app/.gitignore
 create mode 100644 8.enabling-payments-with-circle/payments-sample-app/.nvmrc
 create mode 100644 8.enabling-payments-with-circle/payments-sample-app/.prettierrc
 create mode 100644 8.enabling-payments-with-circle/payments-sample-app/1.git.clone/HEAD
 create mode 100644 8.enabling-payments-with-circle/payments-sample-app/1.git.clone/config
 create mode 100644 8.enabling-payments-with-circle/payments-sample-app/1.git.clone/description
 create mode 100644 8.enabling-payments-with-circle/payments-sample-app/1.git.clone/hooks/applypatch-msg.sample
 create mode 100644 8.enabling-payments-with-circle/payments-sample-app/1.git.clone/hooks/commit-msg.sample
 create mode 100644 8.enabling-payments-with-circle/payments-sample-app/1.git.clone/hooks/fsmonitor-watchman.sample
 create mode 100644 8.enabling-payments-with-circle/payments-sample-app/1.git.clone/hooks/post-update.sample
 create mode 100644 8.enabling-payments-with-circle/payments-sample-app/1.git.clone/hooks/pre-applypatch.sample
 create mode 100644 8.enabling-payments-with-circle/payments-sample-app/1.git.clone/hooks/pre-commit.sample
 create mode 100644 8.enabling-payments-with-circle/payments-sample-app/1.git.clone/hooks/pre-merge-commit.sample
 create mode 100644 8.enabling-payments-with-circle/payments-sample-app/1.git.clone/hooks/pre-push.sample
 create mode 100644 8.enabling-payments-with-circle/payments-sample-app/1.git.clone/hooks/pre-rebase.sample
 create mode 100644 8.enabling-payments-with-circle/payments-sample-app/1.git.clone/hooks/pre-receive.sample
 create mode 100644 8.enabling-payments-with-circle/payments-sample-app/1.git.clone/hooks/prepare-commit-msg.sample
 create mode 100644 8.enabling-payments-with-circle/payments-sample-app/1.git.clone/hooks/push-to-checkout.sample
 create mode 100644 8.enabling-payments-with-circle/payments-sample-app/1.git.clone/hooks/update.sample
 create mode 100644 8.enabling-payments-with-circle/payments-sample-app/1.git.clone/index
 create mode 100644 8.enabling-payments-with-circle/payments-sample-app/1.git.clone/info/exclude
 create mode 100644 8.enabling-payments-with-circle/payments-sample-app/1.git.clone/objects/pack/pack-371f3609c8aeaf5ab9deadecdb0e7d3ae628c074.idx
 create mode 100644 8.enabling-payments-with-circle/payments-sample-app/1.git.clone/objects/pack/pack-371f3609c8aeaf5ab9deadecdb0e7d3ae628c074.pack
 create mode 100644 8.enabling-payments-with-circle/payments-sample-app/1.git.clone/packed-refs
 create mode 100644 8.enabling-payments-with-circle/payments-sample-app/1.git.clone/refs/heads/master
 create mode 100644 8.enabling-payments-with-circle/payments-sample-app/1.git.clone/refs/remotes/origin/HEAD
 create mode 100644 8.enabling-payments-with-circle/payments-sample-app/README.md
 create mode 100644 8.enabling-payments-with-circle/payments-sample-app/assets/README.md
 create mode 100644 8.enabling-payments-with-circle/payments-sample-app/assets/applePayButton.css
 create mode 100644 8.enabling-payments-with-circle/payments-sample-app/assets/variables.scss
 create mode 100644 8.enabling-payments-with-circle/payments-sample-app/components/AmountInput.vue
 create mode 100644 8.enabling-payments-with-circle/payments-sample-app/components/CVVInput.vue
 create mode 100644 8.enabling-payments-with-circle/payments-sample-app/components/CardInput.vue
 create mode 100644 8.enabling-payments-with-circle/payments-sample-app/components/ChainSelect.vue
 create mode 100644 8.enabling-payments-with-circle/payments-sample-app/components/CountrySelect.vue
 create mode 100644 8.enabling-payments-with-circle/payments-sample-app/components/CreateCardForm.vue
 create mode 100644 8.enabling-payments-with-circle/payments-sample-app/components/Environment.vue
 create mode 100644 8.enabling-payments-with-circle/payments-sample-app/components/ErrorSheet.vue
 create mode 100644 8.enabling-payments-with-circle/payments-sample-app/components/ExpiryInput.vue
 create mode 100644 8.enabling-payments-with-circle/payments-sample-app/components/MarketplaceInfoFields.vue
 create mode 100644 8.enabling-payments-with-circle/payments-sample-app/components/PaymentStatus.vue
 create mode 100644 8.enabling-payments-with-circle/payments-sample-app/components/README.md
 create mode 100644 8.enabling-payments-with-circle/payments-sample-app/components/RequestInfo.vue
 create mode 100644 8.enabling-payments-with-circle/payments-sample-app/deploy/aws/buildspec_build.yml
 create mode 100644 8.enabling-payments-with-circle/payments-sample-app/deploy/aws/buildspec_deploy.yml
 create mode 100644 8.enabling-payments-with-circle/payments-sample-app/devtools/README.md
 create mode 100644 8.enabling-payments-with-circle/payments-sample-app/devtools/node/.eslintrc.js
 create mode 100644 8.enabling-payments-with-circle/payments-sample-app/devtools/node/httpserver.js
 create mode 100644 8.enabling-payments-with-circle/payments-sample-app/devtools/node/package.json
 create mode 100644 8.enabling-payments-with-circle/payments-sample-app/devtools/node/yarn.lock
 create mode 100644 8.enabling-payments-with-circle/payments-sample-app/devtools/python/httpserver.py
 create mode 100644 8.enabling-payments-with-circle/payments-sample-app/helpers/validation.ts
 create mode 100644 8.enabling-payments-with-circle/payments-sample-app/jest.config.js
 create mode 100644 8.enabling-payments-with-circle/payments-sample-app/jsconfig.json
 create mode 100644 8.enabling-payments-with-circle/payments-sample-app/layouts/README.md
 create mode 100644 8.enabling-payments-with-circle/payments-sample-app/layouts/default.vue
 create mode 100644 8.enabling-payments-with-circle/payments-sample-app/layouts/error.vue
 create mode 100644 8.enabling-payments-with-circle/payments-sample-app/lib/achApi.ts
 create mode 100644 8.enabling-payments-with-circle/payments-sample-app/lib/achTestData.ts
 create mode 100644 8.enabling-payments-with-circle/payments-sample-app/lib/addressesApi.ts
 create mode 100644 8.enabling-payments-with-circle/payments-sample-app/lib/apiTarget.ts
 create mode 100644 8.enabling-payments-with-circle/payments-sample-app/lib/applePay.ts
 create mode 100644 8.enabling-payments-with-circle/payments-sample-app/lib/beta/addressBookApi.ts
 create mode 100644 8.enabling-payments-with-circle/payments-sample-app/lib/businessAccount/addressesApi.ts
 create mode 100644 8.enabling-payments-with-circle/payments-sample-app/lib/businessAccount/balancesApi.ts
 create mode 100644 8.enabling-payments-with-circle/payments-sample-app/lib/businessAccount/bankAccountsApi.ts
 create mode 100644 8.enabling-payments-with-circle/payments-sample-app/lib/businessAccount/bankAccountsTestData.ts
 create mode 100644 8.enabling-payments-with-circle/payments-sample-app/lib/businessAccount/depositsApi.ts
 create mode 100644 8.enabling-payments-with-circle/payments-sample-app/lib/businessAccount/payoutsApi.ts
 create mode 100644 8.enabling-payments-with-circle/payments-sample-app/lib/businessAccount/senAccountsApi.ts
 create mode 100644 8.enabling-payments-with-circle/payments-sample-app/lib/businessAccount/transfersApi.ts
 create mode 100644 8.enabling-payments-with-circle/payments-sample-app/lib/cardTestData.ts
 create mode 100644 8.enabling-payments-with-circle/payments-sample-app/lib/cardsApi.ts
 create mode 100644 8.enabling-payments-with-circle/payments-sample-app/lib/chains.json
 create mode 100644 8.enabling-payments-with-circle/payments-sample-app/lib/chargebacksApi.ts
 create mode 100644 8.enabling-payments-with-circle/payments-sample-app/lib/checkoutSessionsApi.ts
 create mode 100644 8.enabling-payments-with-circle/payments-sample-app/lib/countries.json
 create mode 100644 8.enabling-payments-with-circle/payments-sample-app/lib/cryptoPaymentMetadataApi.ts
 create mode 100644 8.enabling-payments-with-circle/payments-sample-app/lib/cryptoPaymentsApi.ts
 create mode 100644 8.enabling-payments-with-circle/payments-sample-app/lib/eventBus.js
 create mode 100644 8.enabling-payments-with-circle/payments-sample-app/lib/googlePay.ts
 create mode 100644 8.enabling-payments-with-circle/payments-sample-app/lib/marketplaceApi.ts
 create mode 100644 8.enabling-payments-with-circle/payments-sample-app/lib/mocksApi.ts
 create mode 100644 8.enabling-payments-with-circle/payments-sample-app/lib/navigatorInfo.ts
 create mode 100644 8.enabling-payments-with-circle/payments-sample-app/lib/openpgp.ts
 create mode 100644 8.enabling-payments-with-circle/payments-sample-app/lib/paymentIntentsApi.ts
 create mode 100644 8.enabling-payments-with-circle/payments-sample-app/lib/paymentsApi.ts
 create mode 100644 8.enabling-payments-with-circle/payments-sample-app/lib/payoutsApi.ts
 create mode 100644 8.enabling-payments-with-circle/payments-sample-app/lib/sepaApi.ts
 create mode 100644 8.enabling-payments-with-circle/payments-sample-app/lib/sepaTestData.ts
 create mode 100644 8.enabling-payments-with-circle/payments-sample-app/lib/settlementsApi.ts
 create mode 100644 8.enabling-payments-with-circle/payments-sample-app/lib/transfersApi.ts
 create mode 100644 8.enabling-payments-with-circle/payments-sample-app/lib/walletConnect.ts
 create mode 100644 8.enabling-payments-with-circle/payments-sample-app/lib/walletsApi.ts
 create mode 100644 8.enabling-payments-with-circle/payments-sample-app/lib/wiresApi.ts
 create mode 100644 8.enabling-payments-with-circle/payments-sample-app/lib/wiresTestData.ts
 create mode 100644 8.enabling-payments-with-circle/payments-sample-app/middleware/README.md
 create mode 100644 8.enabling-payments-with-circle/payments-sample-app/nuxt.config.js
 create mode 100644 8.enabling-payments-with-circle/payments-sample-app/package.json
 create mode 100644 8.enabling-payments-with-circle/payments-sample-app/pages/README.md
 create mode 100644 8.enabling-payments-with-circle/payments-sample-app/pages/debug/ach/create.vue
 create mode 100644 8.enabling-payments-with-circle/payments-sample-app/pages/debug/ach/details.vue
 create mode 100644 8.enabling-payments-with-circle/payments-sample-app/pages/debug/ach/mocks/create.vue
 create mode 100644 8.enabling-payments-with-circle/payments-sample-app/pages/debug/beta/addressBook/create.vue
 create mode 100644 8.enabling-payments-with-circle/payments-sample-app/pages/debug/beta/addressBook/delete.vue
 create mode 100644 8.enabling-payments-with-circle/payments-sample-app/pages/debug/beta/addressBook/details.vue
 create mode 100644 8.enabling-payments-with-circle/payments-sample-app/pages/debug/beta/addressBook/fetch.vue
 create mode 100644 8.enabling-payments-with-circle/payments-sample-app/pages/debug/beta/addressBook/patch.vue
 create mode 100644 8.enabling-payments-with-circle/payments-sample-app/pages/debug/businessAccount/addresses/deposit/create.vue
 create mode 100644 8.enabling-payments-with-circle/payments-sample-app/pages/debug/businessAccount/addresses/deposit/fetch.vue
 create mode 100644 8.enabling-payments-with-circle/payments-sample-app/pages/debug/businessAccount/addresses/recipient/create.vue
 create mode 100644 8.enabling-payments-with-circle/payments-sample-app/pages/debug/businessAccount/addresses/recipient/fetch.vue
 create mode 100644 8.enabling-payments-with-circle/payments-sample-app/pages/debug/businessAccount/balances/fetch.vue
 create mode 100644 8.enabling-payments-with-circle/payments-sample-app/pages/debug/businessAccount/bankAccounts/create.vue
 create mode 100644 8.enabling-payments-with-circle/payments-sample-app/pages/debug/businessAccount/bankAccounts/details.vue
 create mode 100644 8.enabling-payments-with-circle/payments-sample-app/pages/debug/businessAccount/bankAccounts/fetch.vue
 create mode 100644 8.enabling-payments-with-circle/payments-sample-app/pages/debug/businessAccount/bankAccounts/instructions.vue
 create mode 100644 8.enabling-payments-with-circle/payments-sample-app/pages/debug/businessAccount/deposits/fetch.vue
 create mode 100644 8.enabling-payments-with-circle/payments-sample-app/pages/debug/businessAccount/index.vue
 create mode 100644 8.enabling-payments-with-circle/payments-sample-app/pages/debug/businessAccount/payouts/create.vue
 create mode 100644 8.enabling-payments-with-circle/payments-sample-app/pages/debug/businessAccount/payouts/details.vue
 create mode 100644 8.enabling-payments-with-circle/payments-sample-app/pages/debug/businessAccount/payouts/fetch.vue
 create mode 100644 8.enabling-payments-with-circle/payments-sample-app/pages/debug/businessAccount/senAccounts/create.vue
 create mode 100644 8.enabling-payments-with-circle/payments-sample-app/pages/debug/businessAccount/senAccounts/details.vue
 create mode 100644 8.enabling-payments-with-circle/payments-sample-app/pages/debug/businessAccount/senAccounts/fetch.vue
 create mode 100644 8.enabling-payments-with-circle/payments-sample-app/pages/debug/businessAccount/senAccounts/instructions.vue
 create mode 100644 8.enabling-payments-with-circle/payments-sample-app/pages/debug/businessAccount/transfers/create.vue
 create mode 100644 8.enabling-payments-with-circle/payments-sample-app/pages/debug/businessAccount/transfers/details.vue
 create mode 100644 8.enabling-payments-with-circle/payments-sample-app/pages/debug/businessAccount/transfers/fetch.vue
 create mode 100644 8.enabling-payments-with-circle/payments-sample-app/pages/debug/cards/create.vue
 create mode 100644 8.enabling-payments-with-circle/payments-sample-app/pages/debug/cards/details.vue
 create mode 100644 8.enabling-payments-with-circle/payments-sample-app/pages/debug/cards/fetch.vue
 create mode 100644 8.enabling-payments-with-circle/payments-sample-app/pages/debug/cards/update.vue
 create mode 100644 8.enabling-payments-with-circle/payments-sample-app/pages/debug/chargebacks/details.vue
 create mode 100644 8.enabling-payments-with-circle/payments-sample-app/pages/debug/chargebacks/fetch.vue
 create mode 100644 8.enabling-payments-with-circle/payments-sample-app/pages/debug/chargebacks/mocks/create.vue
 create mode 100644 8.enabling-payments-with-circle/payments-sample-app/pages/debug/checkoutSessions/create.vue
 create mode 100644 8.enabling-payments-with-circle/payments-sample-app/pages/debug/checkoutSessions/details.vue
 create mode 100644 8.enabling-payments-with-circle/payments-sample-app/pages/debug/checkoutSessions/extend.vue
 create mode 100644 8.enabling-payments-with-circle/payments-sample-app/pages/debug/checkoutSessions/fetch.vue
 create mode 100644 8.enabling-payments-with-circle/payments-sample-app/pages/debug/checkoutSessions/index.vue
 create mode 100644 8.enabling-payments-with-circle/payments-sample-app/pages/debug/digitalDollarAccounts/index.vue
 create mode 100644 8.enabling-payments-with-circle/payments-sample-app/pages/debug/index.vue
 create mode 100644 8.enabling-payments-with-circle/payments-sample-app/pages/debug/marketplace/merchants/fetch.vue
 create mode 100644 8.enabling-payments-with-circle/payments-sample-app/pages/debug/marketplace/payments/cancel.vue
 create mode 100644 8.enabling-payments-with-circle/payments-sample-app/pages/debug/marketplace/payments/capture.vue
 create mode 100644 8.enabling-payments-with-circle/payments-sample-app/pages/debug/marketplace/payments/create.vue
 create mode 100644 8.enabling-payments-with-circle/payments-sample-app/pages/debug/marketplace/payments/details.vue
 create mode 100644 8.enabling-payments-with-circle/payments-sample-app/pages/debug/marketplace/payments/fetch.vue
 create mode 100644 8.enabling-payments-with-circle/payments-sample-app/pages/debug/marketplace/payments/refund.vue
 create mode 100644 8.enabling-payments-with-circle/payments-sample-app/pages/debug/paymentIntents/create.vue
 create mode 100644 8.enabling-payments-with-circle/payments-sample-app/pages/debug/paymentIntents/createCryptoRefund.vue
 create mode 100644 8.enabling-payments-with-circle/payments-sample-app/pages/debug/paymentIntents/details.vue
 create mode 100644 8.enabling-payments-with-circle/payments-sample-app/pages/debug/paymentIntents/expire.vue
 create mode 100644 8.enabling-payments-with-circle/payments-sample-app/pages/debug/paymentIntents/fetch.vue
 create mode 100644 8.enabling-payments-with-circle/payments-sample-app/pages/debug/paymentIntents/index.vue
 create mode 100644 8.enabling-payments-with-circle/payments-sample-app/pages/debug/payments/balances/fetch.vue
 create mode 100644 8.enabling-payments-with-circle/payments-sample-app/pages/debug/payments/cancel.vue
 create mode 100644 8.enabling-payments-with-circle/payments-sample-app/pages/debug/payments/capture.vue
 create mode 100644 8.enabling-payments-with-circle/payments-sample-app/pages/debug/payments/create.vue
 create mode 100644 8.enabling-payments-with-circle/payments-sample-app/pages/debug/payments/crypto/create.vue
 create mode 100644 8.enabling-payments-with-circle/payments-sample-app/pages/debug/payments/crypto/presign.vue
 create mode 100644 8.enabling-payments-with-circle/payments-sample-app/pages/debug/payments/details.vue
 create mode 100644 8.enabling-payments-with-circle/payments-sample-app/pages/debug/payments/digitalWallets/paymenttokens.vue
 create mode 100644 8.enabling-payments-with-circle/payments-sample-app/pages/debug/payments/fetch.vue
 create mode 100644 8.enabling-payments-with-circle/payments-sample-app/pages/debug/payments/mocks/sen.vue
 create mode 100644 8.enabling-payments-with-circle/payments-sample-app/pages/debug/payments/mocks/sepa.vue
 create mode 100644 8.enabling-payments-with-circle/payments-sample-app/pages/debug/payments/mocks/wire.vue
 create mode 100644 8.enabling-payments-with-circle/payments-sample-app/pages/debug/payments/refund.vue
 create mode 100644 8.enabling-payments-with-circle/payments-sample-app/pages/debug/payouts/create.vue
 create mode 100644 8.enabling-payments-with-circle/payments-sample-app/pages/debug/payouts/details.vue
 create mode 100644 8.enabling-payments-with-circle/payments-sample-app/pages/debug/payouts/fetch.vue
 create mode 100644 8.enabling-payments-with-circle/payments-sample-app/pages/debug/payouts/index.vue
 create mode 100644 8.enabling-payments-with-circle/payments-sample-app/pages/debug/returns/fetch.vue
 create mode 100644 8.enabling-payments-with-circle/payments-sample-app/pages/debug/reversals/fetch.vue
 create mode 100644 8.enabling-payments-with-circle/payments-sample-app/pages/debug/sepa/create.vue
 create mode 100644 8.enabling-payments-with-circle/payments-sample-app/pages/debug/sepa/details.vue
 create mode 100644 8.enabling-payments-with-circle/payments-sample-app/pages/debug/sepa/instructions.vue
 create mode 100644 8.enabling-payments-with-circle/payments-sample-app/pages/debug/settlements/details.vue
 create mode 100644 8.enabling-payments-with-circle/payments-sample-app/pages/debug/settlements/fetch.vue
 create mode 100644 8.enabling-payments-with-circle/payments-sample-app/pages/debug/wallets/addresses/create.vue
 create mode 100644 8.enabling-payments-with-circle/payments-sample-app/pages/debug/wallets/addresses/fetch.vue
 create mode 100644 8.enabling-payments-with-circle/payments-sample-app/pages/debug/wallets/index.vue
 create mode 100644 8.enabling-payments-with-circle/payments-sample-app/pages/debug/wallets/transfers/create.vue
 create mode 100644 8.enabling-payments-with-circle/payments-sample-app/pages/debug/wallets/transfers/details.vue
 create mode 100644 8.enabling-payments-with-circle/payments-sample-app/pages/debug/wallets/transfers/fetch.vue
 create mode 100644 8.enabling-payments-with-circle/payments-sample-app/pages/debug/wallets/wallets/create.vue
 create mode 100644 8.enabling-payments-with-circle/payments-sample-app/pages/debug/wallets/wallets/details.vue
 create mode 100644 8.enabling-payments-with-circle/payments-sample-app/pages/debug/wallets/wallets/fetch.vue
 create mode 100644 8.enabling-payments-with-circle/payments-sample-app/pages/debug/wires/create.vue
 create mode 100644 8.enabling-payments-with-circle/payments-sample-app/pages/debug/wires/details.vue
 create mode 100644 8.enabling-payments-with-circle/payments-sample-app/pages/debug/wires/instructions.vue
 create mode 100644 8.enabling-payments-with-circle/payments-sample-app/pages/flow/card/create/index.vue
 create mode 100644 8.enabling-payments-with-circle/payments-sample-app/pages/flow/charge/existing-card/index.vue
 create mode 100644 8.enabling-payments-with-circle/payments-sample-app/pages/flow/charge/index.vue
 create mode 100644 8.enabling-payments-with-circle/payments-sample-app/pages/index.vue
 create mode 100644 8.enabling-payments-with-circle/payments-sample-app/plugins/README.md
 create mode 100644 8.enabling-payments-with-circle/payments-sample-app/plugins/achApi.ts
 create mode 100644 8.enabling-payments-with-circle/payments-sample-app/plugins/addressesApi.ts
 create mode 100644 8.enabling-payments-with-circle/payments-sample-app/plugins/beta/addressBookApi.ts
 create mode 100644 8.enabling-payments-with-circle/payments-sample-app/plugins/businessAccount/addressesApi.ts
 create mode 100644 8.enabling-payments-with-circle/payments-sample-app/plugins/businessAccount/balancesApi.ts
 create mode 100644 8.enabling-payments-with-circle/payments-sample-app/plugins/businessAccount/bankAccountsApi.ts
 create mode 100644 8.enabling-payments-with-circle/payments-sample-app/plugins/businessAccount/depositsApi.ts
 create mode 100644 8.enabling-payments-with-circle/payments-sample-app/plugins/businessAccount/payoutsApi.ts
 create mode 100644 8.enabling-payments-with-circle/payments-sample-app/plugins/businessAccount/senAccountsApi.ts
 create mode 100644 8.enabling-payments-with-circle/payments-sample-app/plugins/businessAccount/transfersApi.ts
 create mode 100644 8.enabling-payments-with-circle/payments-sample-app/plugins/cardsApi.ts
 create mode 100644 8.enabling-payments-with-circle/payments-sample-app/plugins/chargebacksApi.ts
 create mode 100644 8.enabling-payments-with-circle/payments-sample-app/plugins/checkoutSessionsApi.ts
 create mode 100644 8.enabling-payments-with-circle/payments-sample-app/plugins/cryptoPaymentMetadataApi.ts
 create mode 100644 8.enabling-payments-with-circle/payments-sample-app/plugins/cryptoPaymentsApi.ts
 create mode 100644 8.enabling-payments-with-circle/payments-sample-app/plugins/marketplaceApi.ts
 create mode 100644 8.enabling-payments-with-circle/payments-sample-app/plugins/mocksApi.ts
 create mode 100644 8.enabling-payments-with-circle/payments-sample-app/plugins/paymentIntentsApi.ts
 create mode 100644 8.enabling-payments-with-circle/payments-sample-app/plugins/paymentsApi.ts
 create mode 100644 8.enabling-payments-with-circle/payments-sample-app/plugins/payoutsApi.ts
 create mode 100644 8.enabling-payments-with-circle/payments-sample-app/plugins/sepaApi.ts
 create mode 100644 8.enabling-payments-with-circle/payments-sample-app/plugins/settlementsApi.ts
 create mode 100644 8.enabling-payments-with-circle/payments-sample-app/plugins/transfersApi.ts
 create mode 100644 8.enabling-payments-with-circle/payments-sample-app/plugins/walletsApi.ts
 create mode 100644 8.enabling-payments-with-circle/payments-sample-app/plugins/wiresApi.ts
 create mode 100644 8.enabling-payments-with-circle/payments-sample-app/server-middleware/apiApplePay.ts
 create mode 100644 8.enabling-payments-with-circle/payments-sample-app/server-middleware/apiGooglePay.ts
 create mode 100644 8.enabling-payments-with-circle/payments-sample-app/server-middleware/applePaySettings.ts
 create mode 100644 8.enabling-payments-with-circle/payments-sample-app/server-middleware/domainVerification.ts
 create mode 100644 8.enabling-payments-with-circle/payments-sample-app/server-middleware/googlePaySecrets.ts
 create mode 100644 8.enabling-payments-with-circle/payments-sample-app/server-middleware/serverEnv.ts
 create mode 100644 8.enabling-payments-with-circle/payments-sample-app/server/api.ts
 create mode 100644 8.enabling-payments-with-circle/payments-sample-app/server/index.js
 create mode 100644 8.enabling-payments-with-circle/payments-sample-app/static/README.md
 create mode 100644 8.enabling-payments-with-circle/payments-sample-app/static/favicon.ico
 create mode 100644 8.enabling-payments-with-circle/payments-sample-app/static/v.png
 create mode 100644 8.enabling-payments-with-circle/payments-sample-app/store/README.md
 create mode 100644 8.enabling-payments-with-circle/payments-sample-app/store/index.ts
 create mode 100644 8.enabling-payments-with-circle/payments-sample-app/test/unit/lib/apiTarget.spec.js
 create mode 100644 8.enabling-payments-with-circle/payments-sample-app/tsconfig.json
 create mode 100644 8.enabling-payments-with-circle/payments-sample-app/yarn.lock
 create mode 100644 8.enabling-payments-with-circle/terminal-commands-q4.txt

D:\web3\stackup.dev>git
Microsoft Windows [Version 10.0.22621.1105]
(c) Microsoft Corporation. All rights reserved.

D:\web3\stackup.dev>git status
On branch trunk
Your branch is up to date with 'origin/trunk'.

Untracked files:
  (use "git add <file>..." to include in what will be committed)
        8.enabling-payments-with-circle/

nothing added to commit but untracked files present (use "git add" to track)

D:\web3\stackup.dev>cd 8.enabling-payments-with-circle

D:\web3\stackup.dev\8.enabling-payments-with-circle>git status
On branch trunk
Your branch is up to date with 'origin/trunk'.

Untracked files:
  (use "git add <file>..." to include in what will be committed)
        ./

nothing added to commit but untracked files present (use "git add" to track)

D:\web3\stackup.dev\8.enabling-payments-with-circle>git status
On branch trunk
Your branch is up to date with 'origin/trunk'.

Untracked files:
  (use "git add <file>..." to include in what will be committed)
        ./

nothing added to commit but untracked files present (use "git add" to track)

D:\web3\stackup.dev\8.enabling-payments-with-circle>cd ..

D:\web3\stackup.dev>git status
On branch trunk
Your branch is up to date with 'origin/trunk'.

Untracked files:
  (use "git add <file>..." to include in what will be committed)
        8.enabling-payments-with-circle/

nothing added to commit but untracked files present (use "git add" to track)

D:\web3\stackup.dev>cd 8.enabling-payments-with-circle

D:\web3\stackup.dev\8.enabling-payments-with-circle>git status
On branch trunk
Your branch is up to date with 'origin/trunk'.

Untracked files:
  (use "git add <file>..." to include in what will be committed)
        ./

nothing added to commit but untracked files present (use "git add" to track)

D:\web3\stackup.dev\8.enabling-payments-with-circle>cd ./

D:\web3\stackup.dev\8.enabling-payments-with-circle>cd payments-sample-app

D:\web3\stackup.dev\8.enabling-payments-with-circle\payments-sample-app>git status
On branch trunk
Your branch is up to date with 'origin/trunk'.

Untracked files:
  (use "git add <file>..." to include in what will be committed)
        ../

nothing added to commit but untracked files present (use "git add" to track)

D:\web3\stackup.dev\8.enabling-payments-with-circle\payments-sample-app>cd ..

D:\web3\stackup.dev\8.enabling-payments-with-circle>cd ..

D:\web3\stackup.dev>git status
On branch trunk
Your branch is up to date with 'origin/trunk'.

Untracked files:
  (use "git add <file>..." to include in what will be committed)
        8.enabling-payments-with-circle/

nothing added to commit but untracked files present (use "git add" to track)

D:\web3\stackup.dev>git add .
warning: LF will be replaced by CRLF in 8.enabling-payments-with-circle/payments-sample-app/1.git.clone/HEAD.
The file will have its original line endings in your working directory
warning: LF will be replaced by CRLF in 8.enabling-payments-with-circle/payments-sample-app/1.git.clone/config.
The file will have its original line endings in your working directory
warning: LF will be replaced by CRLF in 8.enabling-payments-with-circle/payments-sample-app/1.git.clone/description.
The file will have its original line endings in your working directory
warning: LF will be replaced by CRLF in 8.enabling-payments-with-circle/payments-sample-app/1.git.clone/hooks/applypatch-msg.sample.
The file will have its original line endings in your working directory
warning: LF will be replaced by CRLF in 8.enabling-payments-with-circle/payments-sample-app/1.git.clone/hooks/commit-msg.sample.
The file will have its original line endings in your working directory
warning: LF will be replaced by CRLF in 8.enabling-payments-with-circle/payments-sample-app/1.git.clone/hooks/fsmonitor-watchman.sample.
The file will have its original line endings in your working directory
warning: LF will be replaced by CRLF in 8.enabling-payments-with-circle/payments-sample-app/1.git.clone/hooks/post-update.sample.
The file will have its original line endings in your working directory
warning: LF will be replaced by CRLF in 8.enabling-payments-with-circle/payments-sample-app/1.git.clone/hooks/pre-applypatch.sample.
The file will have its original line endings in your working directory
warning: LF will be replaced by CRLF in 8.enabling-payments-with-circle/payments-sample-app/1.git.clone/hooks/pre-commit.sample.
The file will have its original line endings in your working directory
warning: LF will be replaced by CRLF in 8.enabling-payments-with-circle/payments-sample-app/1.git.clone/hooks/pre-merge-commit.sample.
The file will have its original line endings in your working directory
warning: LF will be replaced by CRLF in 8.enabling-payments-with-circle/payments-sample-app/1.git.clone/hooks/pre-push.sample.
The file will have its original line endings in your working directory
warning: LF will be replaced by CRLF in 8.enabling-payments-with-circle/payments-sample-app/1.git.clone/hooks/pre-rebase.sample.
The file will have its original line endings in your working directory
warning: LF will be replaced by CRLF in 8.enabling-payments-with-circle/payments-sample-app/1.git.clone/hooks/pre-receive.sample.
The file will have its original line endings in your working directory
warning: LF will be replaced by CRLF in 8.enabling-payments-with-circle/payments-sample-app/1.git.clone/hooks/prepare-commit-msg.sample.
The file will have its original line endings in your working directory
warning: LF will be replaced by CRLF in 8.enabling-payments-with-circle/payments-sample-app/1.git.clone/hooks/push-to-checkout.sample.
The file will have its original line endings in your working directory
warning: LF will be replaced by CRLF in 8.enabling-payments-with-circle/payments-sample-app/1.git.clone/hooks/update.sample.
The file will have its original line endings in your working directory
warning: LF will be replaced by CRLF in 8.enabling-payments-with-circle/payments-sample-app/1.git.clone/info/exclude.
The file will have its original line endings in your working directory
warning: LF will be replaced by CRLF in 8.enabling-payments-with-circle/payments-sample-app/1.git.clone/packed-refs.
The file will have its original line endings in your working directory
warning: LF will be replaced by CRLF in 8.enabling-payments-with-circle/payments-sample-app/1.git.clone/refs/heads/master.
The file will have its original line endings in your working directory
warning: LF will be replaced by CRLF in 8.enabling-payments-with-circle/payments-sample-app/1.git.clone/refs/remotes/origin/HEAD.
The file will have its original line endings in your working directory

D:\web3\stackup.dev>git status
On branch trunk
Your branch is up to date with 'origin/trunk'.

Changes to be committed:
  (use "git restore --staged <file>..." to unstage)
        new file:   8.enabling-payments-with-circle/C58_Q1_suvrajeet.png
        new file:   8.enabling-payments-with-circle/C58_Q2_suvrajeet.png
        new file:   8.enabling-payments-with-circle/C58_Q3_suvrajeet.png
        new file:   8.enabling-payments-with-circle/C58_Q4_suvrajeet.png
        new file:   8.enabling-payments-with-circle/api-key.app-sandbox.circle-q3.txt
        new file:   8.enabling-payments-with-circle/api-key.exchangerate.txt
        new file:   8.enabling-payments-with-circle/payments-sample-app/.babelrc
        new file:   8.enabling-payments-with-circle/payments-sample-app/.dockerignore
        new file:   8.enabling-payments-with-circle/payments-sample-app/.editorconfig
        new file:   8.enabling-payments-with-circle/payments-sample-app/.eslintignore
        new file:   8.enabling-payments-with-circle/payments-sample-app/.eslintrc.js
        new file:   8.enabling-payments-with-circle/payments-sample-app/.gitignore
        new file:   8.enabling-payments-with-circle/payments-sample-app/.nvmrc
        new file:   8.enabling-payments-with-circle/payments-sample-app/.prettierrc
        new file:   8.enabling-payments-with-circle/payments-sample-app/1.git.clone/HEAD
        new file:   8.enabling-payments-with-circle/payments-sample-app/1.git.clone/config
        new file:   8.enabling-payments-with-circle/payments-sample-app/1.git.clone/description
        new file:   8.enabling-payments-with-circle/payments-sample-app/1.git.clone/hooks/applypatch-msg.sample
        new file:   8.enabling-payments-with-circle/payments-sample-app/1.git.clone/hooks/commit-msg.sample
        new file:   8.enabling-payments-with-circle/payments-sample-app/1.git.clone/hooks/fsmonitor-watchman.sample
        new file:   8.enabling-payments-with-circle/payments-sample-app/1.git.clone/hooks/post-update.sample
        new file:   8.enabling-payments-with-circle/payments-sample-app/1.git.clone/hooks/pre-applypatch.sample
        new file:   8.enabling-payments-with-circle/payments-sample-app/1.git.clone/hooks/pre-commit.sample
        new file:   8.enabling-payments-with-circle/payments-sample-app/1.git.clone/hooks/pre-merge-commit.sample
        new file:   8.enabling-payments-with-circle/payments-sample-app/1.git.clone/hooks/pre-push.sample
        new file:   8.enabling-payments-with-circle/payments-sample-app/1.git.clone/hooks/pre-rebase.sample
        new file:   8.enabling-payments-with-circle/payments-sample-app/1.git.clone/hooks/pre-receive.sample
        new file:   8.enabling-payments-with-circle/payments-sample-app/1.git.clone/hooks/prepare-commit-msg.sample
        new file:   8.enabling-payments-with-circle/payments-sample-app/1.git.clone/hooks/push-to-checkout.sample
        new file:   8.enabling-payments-with-circle/payments-sample-app/1.git.clone/hooks/update.sample
        new file:   8.enabling-payments-with-circle/payments-sample-app/1.git.clone/index
        new file:   8.enabling-payments-with-circle/payments-sample-app/1.git.clone/info/exclude
        new file:   8.enabling-payments-with-circle/payments-sample-app/1.git.clone/objects/pack/pack-371f3609c8aeaf5ab9deadecdb0e7d3ae628c074.idx
        new file:   8.enabling-payments-with-circle/payments-sample-app/1.git.clone/objects/pack/pack-371f3609c8aeaf5ab9deadecdb0e7d3ae628c074.pack
        new file:   8.enabling-payments-with-circle/payments-sample-app/1.git.clone/packed-refs
        new file:   8.enabling-payments-with-circle/payments-sample-app/1.git.clone/refs/heads/master
        new file:   8.enabling-payments-with-circle/payments-sample-app/1.git.clone/refs/remotes/origin/HEAD
        new file:   8.enabling-payments-with-circle/payments-sample-app/README.md
        new file:   8.enabling-payments-with-circle/payments-sample-app/assets/README.md
        new file:   8.enabling-payments-with-circle/payments-sample-app/assets/applePayButton.css
        new file:   8.enabling-payments-with-circle/payments-sample-app/assets/variables.scss
        new file:   8.enabling-payments-with-circle/payments-sample-app/components/AmountInput.vue
        new file:   8.enabling-payments-with-circle/payments-sample-app/components/CVVInput.vue
        new file:   8.enabling-payments-with-circle/payments-sample-app/components/CardInput.vue
        new file:   8.enabling-payments-with-circle/payments-sample-app/components/ChainSelect.vue
        new file:   8.enabling-payments-with-circle/payments-sample-app/components/CountrySelect.vue
        new file:   8.enabling-payments-with-circle/payments-sample-app/components/CreateCardForm.vue
        new file:   8.enabling-payments-with-circle/payments-sample-app/components/Environment.vue
        new file:   8.enabling-payments-with-circle/payments-sample-app/components/ErrorSheet.vue
        new file:   8.enabling-payments-with-circle/payments-sample-app/components/ExpiryInput.vue
        new file:   8.enabling-payments-with-circle/payments-sample-app/components/MarketplaceInfoFields.vue
        new file:   8.enabling-payments-with-circle/payments-sample-app/components/PaymentStatus.vue
        new file:   8.enabling-payments-with-circle/payments-sample-app/components/README.md
        new file:   8.enabling-payments-with-circle/payments-sample-app/components/RequestInfo.vue
        new file:   8.enabling-payments-with-circle/payments-sample-app/deploy/aws/buildspec_build.yml
        new file:   8.enabling-payments-with-circle/payments-sample-app/deploy/aws/buildspec_deploy.yml
        new file:   8.enabling-payments-with-circle/payments-sample-app/devtools/README.md
        new file:   8.enabling-payments-with-circle/payments-sample-app/devtools/node/.eslintrc.js
        new file:   8.enabling-payments-with-circle/payments-sample-app/devtools/node/httpserver.js
        new file:   8.enabling-payments-with-circle/payments-sample-app/devtools/node/package.json
        new file:   8.enabling-payments-with-circle/payments-sample-app/devtools/node/yarn.lock
        new file:   8.enabling-payments-with-circle/payments-sample-app/devtools/python/httpserver.py
        new file:   8.enabling-payments-with-circle/payments-sample-app/helpers/validation.ts
        new file:   8.enabling-payments-with-circle/payments-sample-app/jest.config.js
        new file:   8.enabling-payments-with-circle/payments-sample-app/jsconfig.json
        new file:   8.enabling-payments-with-circle/payments-sample-app/layouts/README.md
        new file:   8.enabling-payments-with-circle/payments-sample-app/layouts/default.vue
        new file:   8.enabling-payments-with-circle/payments-sample-app/layouts/error.vue
        new file:   8.enabling-payments-with-circle/payments-sample-app/lib/achApi.ts
        new file:   8.enabling-payments-with-circle/payments-sample-app/lib/achTestData.ts
        new file:   8.enabling-payments-with-circle/payments-sample-app/lib/addressesApi.ts
        new file:   8.enabling-payments-with-circle/payments-sample-app/lib/apiTarget.ts
        new file:   8.enabling-payments-with-circle/payments-sample-app/lib/applePay.ts
        new file:   8.enabling-payments-with-circle/payments-sample-app/lib/beta/addressBookApi.ts
        new file:   8.enabling-payments-with-circle/payments-sample-app/lib/businessAccount/addressesApi.ts
        new file:   8.enabling-payments-with-circle/payments-sample-app/lib/businessAccount/balancesApi.ts
        new file:   8.enabling-payments-with-circle/payments-sample-app/lib/businessAccount/bankAccountsApi.ts
        new file:   8.enabling-payments-with-circle/payments-sample-app/lib/businessAccount/bankAccountsTestData.ts
        new file:   8.enabling-payments-with-circle/payments-sample-app/lib/businessAccount/depositsApi.ts
        new file:   8.enabling-payments-with-circle/payments-sample-app/lib/businessAccount/payoutsApi.ts
        new file:   8.enabling-payments-with-circle/payments-sample-app/lib/businessAccount/senAccountsApi.ts
        new file:   8.enabling-payments-with-circle/payments-sample-app/lib/businessAccount/transfersApi.ts
        new file:   8.enabling-payments-with-circle/payments-sample-app/lib/cardTestData.ts
        new file:   8.enabling-payments-with-circle/payments-sample-app/lib/cardsApi.ts
        new file:   8.enabling-payments-with-circle/payments-sample-app/lib/chains.json
        new file:   8.enabling-payments-with-circle/payments-sample-app/lib/chargebacksApi.ts
        new file:   8.enabling-payments-with-circle/payments-sample-app/lib/checkoutSessionsApi.ts
        new file:   8.enabling-payments-with-circle/payments-sample-app/lib/countries.json
        new file:   8.enabling-payments-with-circle/payments-sample-app/lib/cryptoPaymentMetadataApi.ts
        new file:   8.enabling-payments-with-circle/payments-sample-app/lib/cryptoPaymentsApi.ts
        new file:   8.enabling-payments-with-circle/payments-sample-app/lib/eventBus.js
        new file:   8.enabling-payments-with-circle/payments-sample-app/lib/googlePay.ts
        new file:   8.enabling-payments-with-circle/payments-sample-app/lib/marketplaceApi.ts
        new file:   8.enabling-payments-with-circle/payments-sample-app/lib/mocksApi.ts
        new file:   8.enabling-payments-with-circle/payments-sample-app/lib/navigatorInfo.ts
        new file:   8.enabling-payments-with-circle/payments-sample-app/lib/openpgp.ts
        new file:   8.enabling-payments-with-circle/payments-sample-app/lib/paymentIntentsApi.ts
        new file:   8.enabling-payments-with-circle/payments-sample-app/lib/paymentsApi.ts
        new file:   8.enabling-payments-with-circle/payments-sample-app/lib/payoutsApi.ts
        new file:   8.enabling-payments-with-circle/payments-sample-app/lib/sepaApi.ts
        new file:   8.enabling-payments-with-circle/payments-sample-app/lib/sepaTestData.ts
        new file:   8.enabling-payments-with-circle/payments-sample-app/lib/settlementsApi.ts
        new file:   8.enabling-payments-with-circle/payments-sample-app/lib/transfersApi.ts
        new file:   8.enabling-payments-with-circle/payments-sample-app/lib/walletConnect.ts
        new file:   8.enabling-payments-with-circle/payments-sample-app/lib/walletsApi.ts
        new file:   8.enabling-payments-with-circle/payments-sample-app/lib/wiresApi.ts
        new file:   8.enabling-payments-with-circle/payments-sample-app/lib/wiresTestData.ts
        new file:   8.enabling-payments-with-circle/payments-sample-app/middleware/README.md
        new file:   8.enabling-payments-with-circle/payments-sample-app/nuxt.config.js
        new file:   8.enabling-payments-with-circle/payments-sample-app/package.json
        new file:   8.enabling-payments-with-circle/payments-sample-app/pages/README.md
        new file:   8.enabling-payments-with-circle/payments-sample-app/pages/debug/ach/create.vue
        new file:   8.enabling-payments-with-circle/payments-sample-app/pages/debug/ach/details.vue
        new file:   8.enabling-payments-with-circle/payments-sample-app/pages/debug/ach/mocks/create.vue
        new file:   8.enabling-payments-with-circle/payments-sample-app/pages/debug/beta/addressBook/create.vue
        new file:   8.enabling-payments-with-circle/payments-sample-app/pages/debug/beta/addressBook/delete.vue
        new file:   8.enabling-payments-with-circle/payments-sample-app/pages/debug/beta/addressBook/details.vue
        new file:   8.enabling-payments-with-circle/payments-sample-app/pages/debug/beta/addressBook/fetch.vue
        new file:   8.enabling-payments-with-circle/payments-sample-app/pages/debug/beta/addressBook/patch.vue
        new file:   8.enabling-payments-with-circle/payments-sample-app/pages/debug/businessAccount/addresses/deposit/create.vue
        new file:   8.enabling-payments-with-circle/payments-sample-app/pages/debug/businessAccount/addresses/deposit/fetch.vue
        new file:   8.enabling-payments-with-circle/payments-sample-app/pages/debug/businessAccount/addresses/recipient/create.vue
        new file:   8.enabling-payments-with-circle/payments-sample-app/pages/debug/businessAccount/addresses/recipient/fetch.vue
        new file:   8.enabling-payments-with-circle/payments-sample-app/pages/debug/businessAccount/balances/fetch.vue
        new file:   8.enabling-payments-with-circle/payments-sample-app/pages/debug/businessAccount/bankAccounts/create.vue
        new file:   8.enabling-payments-with-circle/payments-sample-app/pages/debug/businessAccount/bankAccounts/details.vue
        new file:   8.enabling-payments-with-circle/payments-sample-app/pages/debug/businessAccount/bankAccounts/fetch.vue
        new file:   8.enabling-payments-with-circle/payments-sample-app/pages/debug/businessAccount/bankAccounts/instructions.vue
        new file:   8.enabling-payments-with-circle/payments-sample-app/pages/debug/businessAccount/deposits/fetch.vue
        new file:   8.enabling-payments-with-circle/payments-sample-app/pages/debug/businessAccount/index.vue
        new file:   8.enabling-payments-with-circle/payments-sample-app/pages/debug/businessAccount/payouts/create.vue
        new file:   8.enabling-payments-with-circle/payments-sample-app/pages/debug/businessAccount/payouts/details.vue
        new file:   8.enabling-payments-with-circle/payments-sample-app/pages/debug/businessAccount/payouts/fetch.vue
        new file:   8.enabling-payments-with-circle/payments-sample-app/pages/debug/businessAccount/senAccounts/create.vue
        new file:   8.enabling-payments-with-circle/payments-sample-app/pages/debug/businessAccount/senAccounts/details.vue
        new file:   8.enabling-payments-with-circle/payments-sample-app/pages/debug/businessAccount/senAccounts/fetch.vue
        new file:   8.enabling-payments-with-circle/payments-sample-app/pages/debug/businessAccount/senAccounts/instructions.vue
        new file:   8.enabling-payments-with-circle/payments-sample-app/pages/debug/businessAccount/transfers/create.vue
        new file:   8.enabling-payments-with-circle/payments-sample-app/pages/debug/businessAccount/transfers/details.vue
        new file:   8.enabling-payments-with-circle/payments-sample-app/pages/debug/businessAccount/transfers/fetch.vue
        new file:   8.enabling-payments-with-circle/payments-sample-app/pages/debug/cards/create.vue
        new file:   8.enabling-payments-with-circle/payments-sample-app/pages/debug/cards/details.vue
        new file:   8.enabling-payments-with-circle/payments-sample-app/pages/debug/cards/fetch.vue
        new file:   8.enabling-payments-with-circle/payments-sample-app/pages/debug/cards/update.vue
        new file:   8.enabling-payments-with-circle/payments-sample-app/pages/debug/chargebacks/details.vue
        new file:   8.enabling-payments-with-circle/payments-sample-app/pages/debug/chargebacks/fetch.vue
        new file:   8.enabling-payments-with-circle/payments-sample-app/pages/debug/chargebacks/mocks/create.vue
        new file:   8.enabling-payments-with-circle/payments-sample-app/pages/debug/checkoutSessions/create.vue
        new file:   8.enabling-payments-with-circle/payments-sample-app/pages/debug/checkoutSessions/details.vue
        new file:   8.enabling-payments-with-circle/payments-sample-app/pages/debug/checkoutSessions/extend.vue
        new file:   8.enabling-payments-with-circle/payments-sample-app/pages/debug/checkoutSessions/fetch.vue
        new file:   8.enabling-payments-with-circle/payments-sample-app/pages/debug/checkoutSessions/index.vue
        new file:   8.enabling-payments-with-circle/payments-sample-app/pages/debug/digitalDollarAccounts/index.vue
        new file:   8.enabling-payments-with-circle/payments-sample-app/pages/debug/index.vue
        new file:   8.enabling-payments-with-circle/payments-sample-app/pages/debug/marketplace/merchants/fetch.vue
        new file:   8.enabling-payments-with-circle/payments-sample-app/pages/debug/marketplace/payments/cancel.vue
        new file:   8.enabling-payments-with-circle/payments-sample-app/pages/debug/marketplace/payments/capture.vue
        new file:   8.enabling-payments-with-circle/payments-sample-app/pages/debug/marketplace/payments/create.vue
        new file:   8.enabling-payments-with-circle/payments-sample-app/pages/debug/marketplace/payments/details.vue
        new file:   8.enabling-payments-with-circle/payments-sample-app/pages/debug/marketplace/payments/fetch.vue
        new file:   8.enabling-payments-with-circle/payments-sample-app/pages/debug/marketplace/payments/refund.vue
        new file:   8.enabling-payments-with-circle/payments-sample-app/pages/debug/paymentIntents/create.vue
        new file:   8.enabling-payments-with-circle/payments-sample-app/pages/debug/paymentIntents/createCryptoRefund.vue
        new file:   8.enabling-payments-with-circle/payments-sample-app/pages/debug/paymentIntents/details.vue
        new file:   8.enabling-payments-with-circle/payments-sample-app/pages/debug/paymentIntents/expire.vue
        new file:   8.enabling-payments-with-circle/payments-sample-app/pages/debug/paymentIntents/fetch.vue
        new file:   8.enabling-payments-with-circle/payments-sample-app/pages/debug/paymentIntents/index.vue
        new file:   8.enabling-payments-with-circle/payments-sample-app/pages/debug/payments/balances/fetch.vue
        new file:   8.enabling-payments-with-circle/payments-sample-app/pages/debug/payments/cancel.vue
        new file:   8.enabling-payments-with-circle/payments-sample-app/pages/debug/payments/capture.vue
        new file:   8.enabling-payments-with-circle/payments-sample-app/pages/debug/payments/create.vue
        new file:   8.enabling-payments-with-circle/payments-sample-app/pages/debug/payments/crypto/create.vue
        new file:   8.enabling-payments-with-circle/payments-sample-app/pages/debug/payments/crypto/presign.vue
        new file:   8.enabling-payments-with-circle/payments-sample-app/pages/debug/payments/details.vue
        new file:   8.enabling-payments-with-circle/payments-sample-app/pages/debug/payments/digitalWallets/paymenttokens.vue
        new file:   8.enabling-payments-with-circle/payments-sample-app/pages/debug/payments/fetch.vue
        new file:   8.enabling-payments-with-circle/payments-sample-app/pages/debug/payments/mocks/sen.vue
        new file:   8.enabling-payments-with-circle/payments-sample-app/pages/debug/payments/mocks/sepa.vue
        new file:   8.enabling-payments-with-circle/payments-sample-app/pages/debug/payments/mocks/wire.vue
        new file:   8.enabling-payments-with-circle/payments-sample-app/pages/debug/payments/refund.vue
        new file:   8.enabling-payments-with-circle/payments-sample-app/pages/debug/payouts/create.vue
        new file:   8.enabling-payments-with-circle/payments-sample-app/pages/debug/payouts/details.vue
        new file:   8.enabling-payments-with-circle/payments-sample-app/pages/debug/payouts/fetch.vue
        new file:   8.enabling-payments-with-circle/payments-sample-app/pages/debug/payouts/index.vue
        new file:   8.enabling-payments-with-circle/payments-sample-app/pages/debug/returns/fetch.vue
        new file:   8.enabling-payments-with-circle/payments-sample-app/pages/debug/reversals/fetch.vue
        new file:   8.enabling-payments-with-circle/payments-sample-app/pages/debug/sepa/create.vue
        new file:   8.enabling-payments-with-circle/payments-sample-app/pages/debug/sepa/details.vue
        new file:   8.enabling-payments-with-circle/payments-sample-app/pages/debug/sepa/instructions.vue
        new file:   8.enabling-payments-with-circle/payments-sample-app/pages/debug/settlements/details.vue
        new file:   8.enabling-payments-with-circle/payments-sample-app/pages/debug/settlements/fetch.vue
        new file:   8.enabling-payments-with-circle/payments-sample-app/pages/debug/wallets/addresses/create.vue
        new file:   8.enabling-payments-with-circle/payments-sample-app/pages/debug/wallets/addresses/fetch.vue
        new file:   8.enabling-payments-with-circle/payments-sample-app/pages/debug/wallets/index.vue
        new file:   8.enabling-payments-with-circle/payments-sample-app/pages/debug/wallets/transfers/create.vue
        new file:   8.enabling-payments-with-circle/payments-sample-app/pages/debug/wallets/transfers/details.vue
        new file:   8.enabling-payments-with-circle/payments-sample-app/pages/debug/wallets/transfers/fetch.vue
        new file:   8.enabling-payments-with-circle/payments-sample-app/pages/debug/wallets/wallets/create.vue
        new file:   8.enabling-payments-with-circle/payments-sample-app/pages/debug/wallets/wallets/details.vue
        new file:   8.enabling-payments-with-circle/payments-sample-app/pages/debug/wallets/wallets/fetch.vue
        new file:   8.enabling-payments-with-circle/payments-sample-app/pages/debug/wires/create.vue
        new file:   8.enabling-payments-with-circle/payments-sample-app/pages/debug/wires/details.vue
        new file:   8.enabling-payments-with-circle/payments-sample-app/pages/debug/wires/instructions.vue
        new file:   8.enabling-payments-with-circle/payments-sample-app/pages/flow/card/create/index.vue
        new file:   8.enabling-payments-with-circle/payments-sample-app/pages/flow/charge/existing-card/index.vue
        new file:   8.enabling-payments-with-circle/payments-sample-app/pages/flow/charge/index.vue
        new file:   8.enabling-payments-with-circle/payments-sample-app/pages/index.vue
        new file:   8.enabling-payments-with-circle/payments-sample-app/plugins/README.md
        new file:   8.enabling-payments-with-circle/payments-sample-app/plugins/achApi.ts
        new file:   8.enabling-payments-with-circle/payments-sample-app/plugins/addressesApi.ts
        new file:   8.enabling-payments-with-circle/payments-sample-app/plugins/beta/addressBookApi.ts
        new file:   8.enabling-payments-with-circle/payments-sample-app/plugins/businessAccount/addressesApi.ts
        new file:   8.enabling-payments-with-circle/payments-sample-app/plugins/businessAccount/balancesApi.ts
        new file:   8.enabling-payments-with-circle/payments-sample-app/plugins/businessAccount/bankAccountsApi.ts
        new file:   8.enabling-payments-with-circle/payments-sample-app/plugins/businessAccount/depositsApi.ts
        new file:   8.enabling-payments-with-circle/payments-sample-app/plugins/businessAccount/payoutsApi.ts
        new file:   8.enabling-payments-with-circle/payments-sample-app/plugins/businessAccount/senAccountsApi.ts
        new file:   8.enabling-payments-with-circle/payments-sample-app/plugins/businessAccount/transfersApi.ts
        new file:   8.enabling-payments-with-circle/payments-sample-app/plugins/cardsApi.ts
        new file:   8.enabling-payments-with-circle/payments-sample-app/plugins/chargebacksApi.ts
        new file:   8.enabling-payments-with-circle/payments-sample-app/plugins/checkoutSessionsApi.ts
        new file:   8.enabling-payments-with-circle/payments-sample-app/plugins/cryptoPaymentMetadataApi.ts
        new file:   8.enabling-payments-with-circle/payments-sample-app/plugins/cryptoPaymentsApi.ts
        new file:   8.enabling-payments-with-circle/payments-sample-app/plugins/marketplaceApi.ts
        new file:   8.enabling-payments-with-circle/payments-sample-app/plugins/mocksApi.ts
        new file:   8.enabling-payments-with-circle/payments-sample-app/plugins/paymentIntentsApi.ts
        new file:   8.enabling-payments-with-circle/payments-sample-app/plugins/paymentsApi.ts
        new file:   8.enabling-payments-with-circle/payments-sample-app/plugins/payoutsApi.ts
        new file:   8.enabling-payments-with-circle/payments-sample-app/plugins/sepaApi.ts
        new file:   8.enabling-payments-with-circle/payments-sample-app/plugins/settlementsApi.ts
        new file:   8.enabling-payments-with-circle/payments-sample-app/plugins/transfersApi.ts
        new file:   8.enabling-payments-with-circle/payments-sample-app/plugins/walletsApi.ts
        new file:   8.enabling-payments-with-circle/payments-sample-app/plugins/wiresApi.ts
        new file:   8.enabling-payments-with-circle/payments-sample-app/server-middleware/apiApplePay.ts
        new file:   8.enabling-payments-with-circle/payments-sample-app/server-middleware/apiGooglePay.ts
        new file:   8.enabling-payments-with-circle/payments-sample-app/server-middleware/applePaySettings.ts
        new file:   8.enabling-payments-with-circle/payments-sample-app/server-middleware/domainVerification.ts
        new file:   8.enabling-payments-with-circle/payments-sample-app/server-middleware/googlePaySecrets.ts
        new file:   8.enabling-payments-with-circle/payments-sample-app/server-middleware/serverEnv.ts
        new file:   8.enabling-payments-with-circle/payments-sample-app/server/api.ts
        new file:   8.enabling-payments-with-circle/payments-sample-app/server/index.js
        new file:   8.enabling-payments-with-circle/payments-sample-app/static/README.md
        new file:   8.enabling-payments-with-circle/payments-sample-app/static/favicon.ico
        new file:   8.enabling-payments-with-circle/payments-sample-app/static/v.png
        new file:   8.enabling-payments-with-circle/payments-sample-app/store/README.md
        new file:   8.enabling-payments-with-circle/payments-sample-app/store/index.ts
        new file:   8.enabling-payments-with-circle/payments-sample-app/test/unit/lib/apiTarget.spec.js
        new file:   8.enabling-payments-with-circle/payments-sample-app/tsconfig.json
        new file:   8.enabling-payments-with-circle/payments-sample-app/yarn.lock
        new file:   8.enabling-payments-with-circle/terminal-commands-q4.txt


D:\web3\stackup.dev>git commit -m "stackup.dev"
[trunk e4687b0] stackup.dev
 250 files changed, 39839 insertions(+)
 create mode 100644 8.enabling-payments-with-circle/C58_Q1_suvrajeet.png
 create mode 100644 8.enabling-payments-with-circle/C58_Q2_suvrajeet.png
 create mode 100644 8.enabling-payments-with-circle/C58_Q3_suvrajeet.png
 create mode 100644 8.enabling-payments-with-circle/C58_Q4_suvrajeet.png
 create mode 100644 8.enabling-payments-with-circle/api-key.app-sandbox.circle-q3.txt
 create mode 100644 8.enabling-payments-with-circle/api-key.exchangerate.txt
 create mode 100644 8.enabling-payments-with-circle/payments-sample-app/.babelrc
 create mode 100644 8.enabling-payments-with-circle/payments-sample-app/.dockerignore
 create mode 100644 8.enabling-payments-with-circle/payments-sample-app/.editorconfig
 create mode 100644 8.enabling-payments-with-circle/payments-sample-app/.eslintignore
 create mode 100644 8.enabling-payments-with-circle/payments-sample-app/.eslintrc.js
 create mode 100644 8.enabling-payments-with-circle/payments-sample-app/.gitignore
 create mode 100644 8.enabling-payments-with-circle/payments-sample-app/.nvmrc
 create mode 100644 8.enabling-payments-with-circle/payments-sample-app/.prettierrc
 create mode 100644 8.enabling-payments-with-circle/payments-sample-app/1.git.clone/HEAD
 create mode 100644 8.enabling-payments-with-circle/payments-sample-app/1.git.clone/config
 create mode 100644 8.enabling-payments-with-circle/payments-sample-app/1.git.clone/description
 create mode 100644 8.enabling-payments-with-circle/payments-sample-app/1.git.clone/hooks/applypatch-msg.sample
 create mode 100644 8.enabling-payments-with-circle/payments-sample-app/1.git.clone/hooks/commit-msg.sample
 create mode 100644 8.enabling-payments-with-circle/payments-sample-app/1.git.clone/hooks/fsmonitor-watchman.sample
 create mode 100644 8.enabling-payments-with-circle/payments-sample-app/1.git.clone/hooks/post-update.sample
 create mode 100644 8.enabling-payments-with-circle/payments-sample-app/1.git.clone/hooks/pre-applypatch.sample
 create mode 100644 8.enabling-payments-with-circle/payments-sample-app/1.git.clone/hooks/pre-commit.sample
 create mode 100644 8.enabling-payments-with-circle/payments-sample-app/1.git.clone/hooks/pre-merge-commit.sample
 create mode 100644 8.enabling-payments-with-circle/payments-sample-app/1.git.clone/hooks/pre-push.sample
 create mode 100644 8.enabling-payments-with-circle/payments-sample-app/1.git.clone/hooks/pre-rebase.sample
 create mode 100644 8.enabling-payments-with-circle/payments-sample-app/1.git.clone/hooks/pre-receive.sample
 create mode 100644 8.enabling-payments-with-circle/payments-sample-app/1.git.clone/hooks/prepare-commit-msg.sample
 create mode 100644 8.enabling-payments-with-circle/payments-sample-app/1.git.clone/hooks/push-to-checkout.sample
 create mode 100644 8.enabling-payments-with-circle/payments-sample-app/1.git.clone/hooks/update.sample
 create mode 100644 8.enabling-payments-with-circle/payments-sample-app/1.git.clone/index
 create mode 100644 8.enabling-payments-with-circle/payments-sample-app/1.git.clone/info/exclude
 create mode 100644 8.enabling-payments-with-circle/payments-sample-app/1.git.clone/objects/pack/pack-371f3609c8aeaf5ab9deadecdb0e7d3ae628c074.idx
 create mode 100644 8.enabling-payments-with-circle/payments-sample-app/1.git.clone/objects/pack/pack-371f3609c8aeaf5ab9deadecdb0e7d3ae628c074.pack
 create mode 100644 8.enabling-payments-with-circle/payments-sample-app/1.git.clone/packed-refs
 create mode 100644 8.enabling-payments-with-circle/payments-sample-app/1.git.clone/refs/heads/master
 create mode 100644 8.enabling-payments-with-circle/payments-sample-app/1.git.clone/refs/remotes/origin/HEAD
 create mode 100644 8.enabling-payments-with-circle/payments-sample-app/README.md
 create mode 100644 8.enabling-payments-with-circle/payments-sample-app/assets/README.md
 create mode 100644 8.enabling-payments-with-circle/payments-sample-app/assets/applePayButton.css
 create mode 100644 8.enabling-payments-with-circle/payments-sample-app/assets/variables.scss
 create mode 100644 8.enabling-payments-with-circle/payments-sample-app/components/AmountInput.vue
 create mode 100644 8.enabling-payments-with-circle/payments-sample-app/components/CVVInput.vue
 create mode 100644 8.enabling-payments-with-circle/payments-sample-app/components/CardInput.vue
 create mode 100644 8.enabling-payments-with-circle/payments-sample-app/components/ChainSelect.vue
 create mode 100644 8.enabling-payments-with-circle/payments-sample-app/components/CountrySelect.vue
 create mode 100644 8.enabling-payments-with-circle/payments-sample-app/components/CreateCardForm.vue
 create mode 100644 8.enabling-payments-with-circle/payments-sample-app/components/Environment.vue
 create mode 100644 8.enabling-payments-with-circle/payments-sample-app/components/ErrorSheet.vue
 create mode 100644 8.enabling-payments-with-circle/payments-sample-app/components/ExpiryInput.vue
 create mode 100644 8.enabling-payments-with-circle/payments-sample-app/components/MarketplaceInfoFields.vue
 create mode 100644 8.enabling-payments-with-circle/payments-sample-app/components/PaymentStatus.vue
 create mode 100644 8.enabling-payments-with-circle/payments-sample-app/components/README.md
 create mode 100644 8.enabling-payments-with-circle/payments-sample-app/components/RequestInfo.vue
 create mode 100644 8.enabling-payments-with-circle/payments-sample-app/deploy/aws/buildspec_build.yml
 create mode 100644 8.enabling-payments-with-circle/payments-sample-app/deploy/aws/buildspec_deploy.yml
 create mode 100644 8.enabling-payments-with-circle/payments-sample-app/devtools/README.md
 create mode 100644 8.enabling-payments-with-circle/payments-sample-app/devtools/node/.eslintrc.js
 create mode 100644 8.enabling-payments-with-circle/payments-sample-app/devtools/node/httpserver.js
 create mode 100644 8.enabling-payments-with-circle/payments-sample-app/devtools/node/package.json
 create mode 100644 8.enabling-payments-with-circle/payments-sample-app/devtools/node/yarn.lock
 create mode 100644 8.enabling-payments-with-circle/payments-sample-app/devtools/python/httpserver.py
 create mode 100644 8.enabling-payments-with-circle/payments-sample-app/helpers/validation.ts
 create mode 100644 8.enabling-payments-with-circle/payments-sample-app/jest.config.js
 create mode 100644 8.enabling-payments-with-circle/payments-sample-app/jsconfig.json
 create mode 100644 8.enabling-payments-with-circle/payments-sample-app/layouts/README.md
 create mode 100644 8.enabling-payments-with-circle/payments-sample-app/layouts/default.vue
 create mode 100644 8.enabling-payments-with-circle/payments-sample-app/layouts/error.vue
 create mode 100644 8.enabling-payments-with-circle/payments-sample-app/lib/achApi.ts
 create mode 100644 8.enabling-payments-with-circle/payments-sample-app/lib/achTestData.ts
 create mode 100644 8.enabling-payments-with-circle/payments-sample-app/lib/addressesApi.ts
 create mode 100644 8.enabling-payments-with-circle/payments-sample-app/lib/apiTarget.ts
 create mode 100644 8.enabling-payments-with-circle/payments-sample-app/lib/applePay.ts
 create mode 100644 8.enabling-payments-with-circle/payments-sample-app/lib/beta/addressBookApi.ts
 create mode 100644 8.enabling-payments-with-circle/payments-sample-app/lib/businessAccount/addressesApi.ts
 create mode 100644 8.enabling-payments-with-circle/payments-sample-app/lib/businessAccount/balancesApi.ts
 create mode 100644 8.enabling-payments-with-circle/payments-sample-app/lib/businessAccount/bankAccountsApi.ts
 create mode 100644 8.enabling-payments-with-circle/payments-sample-app/lib/businessAccount/bankAccountsTestData.ts
 create mode 100644 8.enabling-payments-with-circle/payments-sample-app/lib/businessAccount/depositsApi.ts
 create mode 100644 8.enabling-payments-with-circle/payments-sample-app/lib/businessAccount/payoutsApi.ts
 create mode 100644 8.enabling-payments-with-circle/payments-sample-app/lib/businessAccount/senAccountsApi.ts
 create mode 100644 8.enabling-payments-with-circle/payments-sample-app/lib/businessAccount/transfersApi.ts
 create mode 100644 8.enabling-payments-with-circle/payments-sample-app/lib/cardTestData.ts
 create mode 100644 8.enabling-payments-with-circle/payments-sample-app/lib/cardsApi.ts
 create mode 100644 8.enabling-payments-with-circle/payments-sample-app/lib/chains.json
 create mode 100644 8.enabling-payments-with-circle/payments-sample-app/lib/chargebacksApi.ts
 create mode 100644 8.enabling-payments-with-circle/payments-sample-app/lib/checkoutSessionsApi.ts
 create mode 100644 8.enabling-payments-with-circle/payments-sample-app/lib/countries.json
 create mode 100644 8.enabling-payments-with-circle/payments-sample-app/lib/cryptoPaymentMetadataApi.ts
 create mode 100644 8.enabling-payments-with-circle/payments-sample-app/lib/cryptoPaymentsApi.ts
 create mode 100644 8.enabling-payments-with-circle/payments-sample-app/lib/eventBus.js
 create mode 100644 8.enabling-payments-with-circle/payments-sample-app/lib/googlePay.ts
 create mode 100644 8.enabling-payments-with-circle/payments-sample-app/lib/marketplaceApi.ts
 create mode 100644 8.enabling-payments-with-circle/payments-sample-app/lib/mocksApi.ts
 create mode 100644 8.enabling-payments-with-circle/payments-sample-app/lib/navigatorInfo.ts
 create mode 100644 8.enabling-payments-with-circle/payments-sample-app/lib/openpgp.ts
 create mode 100644 8.enabling-payments-with-circle/payments-sample-app/lib/paymentIntentsApi.ts
 create mode 100644 8.enabling-payments-with-circle/payments-sample-app/lib/paymentsApi.ts
 create mode 100644 8.enabling-payments-with-circle/payments-sample-app/lib/payoutsApi.ts
 create mode 100644 8.enabling-payments-with-circle/payments-sample-app/lib/sepaApi.ts
 create mode 100644 8.enabling-payments-with-circle/payments-sample-app/lib/sepaTestData.ts
 create mode 100644 8.enabling-payments-with-circle/payments-sample-app/lib/settlementsApi.ts
 create mode 100644 8.enabling-payments-with-circle/payments-sample-app/lib/transfersApi.ts
 create mode 100644 8.enabling-payments-with-circle/payments-sample-app/lib/walletConnect.ts
 create mode 100644 8.enabling-payments-with-circle/payments-sample-app/lib/walletsApi.ts
 create mode 100644 8.enabling-payments-with-circle/payments-sample-app/lib/wiresApi.ts
 create mode 100644 8.enabling-payments-with-circle/payments-sample-app/lib/wiresTestData.ts
 create mode 100644 8.enabling-payments-with-circle/payments-sample-app/middleware/README.md
 create mode 100644 8.enabling-payments-with-circle/payments-sample-app/nuxt.config.js
 create mode 100644 8.enabling-payments-with-circle/payments-sample-app/package.json
 create mode 100644 8.enabling-payments-with-circle/payments-sample-app/pages/README.md
 create mode 100644 8.enabling-payments-with-circle/payments-sample-app/pages/debug/ach/create.vue
 create mode 100644 8.enabling-payments-with-circle/payments-sample-app/pages/debug/ach/details.vue
 create mode 100644 8.enabling-payments-with-circle/payments-sample-app/pages/debug/ach/mocks/create.vue
 create mode 100644 8.enabling-payments-with-circle/payments-sample-app/pages/debug/beta/addressBook/create.vue
 create mode 100644 8.enabling-payments-with-circle/payments-sample-app/pages/debug/beta/addressBook/delete.vue
 create mode 100644 8.enabling-payments-with-circle/payments-sample-app/pages/debug/beta/addressBook/details.vue
 create mode 100644 8.enabling-payments-with-circle/payments-sample-app/pages/debug/beta/addressBook/fetch.vue
 create mode 100644 8.enabling-payments-with-circle/payments-sample-app/pages/debug/beta/addressBook/patch.vue
 create mode 100644 8.enabling-payments-with-circle/payments-sample-app/pages/debug/businessAccount/addresses/deposit/create.vue
 create mode 100644 8.enabling-payments-with-circle/payments-sample-app/pages/debug/businessAccount/addresses/deposit/fetch.vue
 create mode 100644 8.enabling-payments-with-circle/payments-sample-app/pages/debug/businessAccount/addresses/recipient/create.vue
 create mode 100644 8.enabling-payments-with-circle/payments-sample-app/pages/debug/businessAccount/addresses/recipient/fetch.vue
 create mode 100644 8.enabling-payments-with-circle/payments-sample-app/pages/debug/businessAccount/balances/fetch.vue
 create mode 100644 8.enabling-payments-with-circle/payments-sample-app/pages/debug/businessAccount/bankAccounts/create.vue
 create mode 100644 8.enabling-payments-with-circle/payments-sample-app/pages/debug/businessAccount/bankAccounts/details.vue
 create mode 100644 8.enabling-payments-with-circle/payments-sample-app/pages/debug/businessAccount/bankAccounts/fetch.vue
 create mode 100644 8.enabling-payments-with-circle/payments-sample-app/pages/debug/businessAccount/bankAccounts/instructions.vue
 create mode 100644 8.enabling-payments-with-circle/payments-sample-app/pages/debug/businessAccount/deposits/fetch.vue
 create mode 100644 8.enabling-payments-with-circle/payments-sample-app/pages/debug/businessAccount/index.vue
 create mode 100644 8.enabling-payments-with-circle/payments-sample-app/pages/debug/businessAccount/payouts/create.vue
 create mode 100644 8.enabling-payments-with-circle/payments-sample-app/pages/debug/businessAccount/payouts/details.vue
 create mode 100644 8.enabling-payments-with-circle/payments-sample-app/pages/debug/businessAccount/payouts/fetch.vue
 create mode 100644 8.enabling-payments-with-circle/payments-sample-app/pages/debug/businessAccount/senAccounts/create.vue
 create mode 100644 8.enabling-payments-with-circle/payments-sample-app/pages/debug/businessAccount/senAccounts/details.vue
 create mode 100644 8.enabling-payments-with-circle/payments-sample-app/pages/debug/businessAccount/senAccounts/fetch.vue
 create mode 100644 8.enabling-payments-with-circle/payments-sample-app/pages/debug/businessAccount/senAccounts/instructions.vue
 create mode 100644 8.enabling-payments-with-circle/payments-sample-app/pages/debug/businessAccount/transfers/create.vue
 create mode 100644 8.enabling-payments-with-circle/payments-sample-app/pages/debug/businessAccount/transfers/details.vue
 create mode 100644 8.enabling-payments-with-circle/payments-sample-app/pages/debug/businessAccount/transfers/fetch.vue
 create mode 100644 8.enabling-payments-with-circle/payments-sample-app/pages/debug/cards/create.vue
 create mode 100644 8.enabling-payments-with-circle/payments-sample-app/pages/debug/cards/details.vue
 create mode 100644 8.enabling-payments-with-circle/payments-sample-app/pages/debug/cards/fetch.vue
 create mode 100644 8.enabling-payments-with-circle/payments-sample-app/pages/debug/cards/update.vue
 create mode 100644 8.enabling-payments-with-circle/payments-sample-app/pages/debug/chargebacks/details.vue
 create mode 100644 8.enabling-payments-with-circle/payments-sample-app/pages/debug/chargebacks/fetch.vue
 create mode 100644 8.enabling-payments-with-circle/payments-sample-app/pages/debug/chargebacks/mocks/create.vue
 create mode 100644 8.enabling-payments-with-circle/payments-sample-app/pages/debug/checkoutSessions/create.vue
 create mode 100644 8.enabling-payments-with-circle/payments-sample-app/pages/debug/checkoutSessions/details.vue
 create mode 100644 8.enabling-payments-with-circle/payments-sample-app/pages/debug/checkoutSessions/extend.vue
 create mode 100644 8.enabling-payments-with-circle/payments-sample-app/pages/debug/checkoutSessions/fetch.vue
 create mode 100644 8.enabling-payments-with-circle/payments-sample-app/pages/debug/checkoutSessions/index.vue
 create mode 100644 8.enabling-payments-with-circle/payments-sample-app/pages/debug/digitalDollarAccounts/index.vue
 create mode 100644 8.enabling-payments-with-circle/payments-sample-app/pages/debug/index.vue
 create mode 100644 8.enabling-payments-with-circle/payments-sample-app/pages/debug/marketplace/merchants/fetch.vue
 create mode 100644 8.enabling-payments-with-circle/payments-sample-app/pages/debug/marketplace/payments/cancel.vue
 create mode 100644 8.enabling-payments-with-circle/payments-sample-app/pages/debug/marketplace/payments/capture.vue
 create mode 100644 8.enabling-payments-with-circle/payments-sample-app/pages/debug/marketplace/payments/create.vue
 create mode 100644 8.enabling-payments-with-circle/payments-sample-app/pages/debug/marketplace/payments/details.vue
 create mode 100644 8.enabling-payments-with-circle/payments-sample-app/pages/debug/marketplace/payments/fetch.vue
 create mode 100644 8.enabling-payments-with-circle/payments-sample-app/pages/debug/marketplace/payments/refund.vue
 create mode 100644 8.enabling-payments-with-circle/payments-sample-app/pages/debug/paymentIntents/create.vue
 create mode 100644 8.enabling-payments-with-circle/payments-sample-app/pages/debug/paymentIntents/createCryptoRefund.vue
 create mode 100644 8.enabling-payments-with-circle/payments-sample-app/pages/debug/paymentIntents/details.vue
 create mode 100644 8.enabling-payments-with-circle/payments-sample-app/pages/debug/paymentIntents/expire.vue
 create mode 100644 8.enabling-payments-with-circle/payments-sample-app/pages/debug/paymentIntents/fetch.vue
 create mode 100644 8.enabling-payments-with-circle/payments-sample-app/pages/debug/paymentIntents/index.vue
 create mode 100644 8.enabling-payments-with-circle/payments-sample-app/pages/debug/payments/balances/fetch.vue
 create mode 100644 8.enabling-payments-with-circle/payments-sample-app/pages/debug/payments/cancel.vue
 create mode 100644 8.enabling-payments-with-circle/payments-sample-app/pages/debug/payments/capture.vue
 create mode 100644 8.enabling-payments-with-circle/payments-sample-app/pages/debug/payments/create.vue
 create mode 100644 8.enabling-payments-with-circle/payments-sample-app/pages/debug/payments/crypto/create.vue
 create mode 100644 8.enabling-payments-with-circle/payments-sample-app/pages/debug/payments/crypto/presign.vue
 create mode 100644 8.enabling-payments-with-circle/payments-sample-app/pages/debug/payments/details.vue
 create mode 100644 8.enabling-payments-with-circle/payments-sample-app/pages/debug/payments/digitalWallets/paymenttokens.vue
 create mode 100644 8.enabling-payments-with-circle/payments-sample-app/pages/debug/payments/fetch.vue
 create mode 100644 8.enabling-payments-with-circle/payments-sample-app/pages/debug/payments/mocks/sen.vue
 create mode 100644 8.enabling-payments-with-circle/payments-sample-app/pages/debug/payments/mocks/sepa.vue
 create mode 100644 8.enabling-payments-with-circle/payments-sample-app/pages/debug/payments/mocks/wire.vue
 create mode 100644 8.enabling-payments-with-circle/payments-sample-app/pages/debug/payments/refund.vue
 create mode 100644 8.enabling-payments-with-circle/payments-sample-app/pages/debug/payouts/create.vue
 create mode 100644 8.enabling-payments-with-circle/payments-sample-app/pages/debug/payouts/details.vue
 create mode 100644 8.enabling-payments-with-circle/payments-sample-app/pages/debug/payouts/fetch.vue
 create mode 100644 8.enabling-payments-with-circle/payments-sample-app/pages/debug/payouts/index.vue
 create mode 100644 8.enabling-payments-with-circle/payments-sample-app/pages/debug/returns/fetch.vue
 create mode 100644 8.enabling-payments-with-circle/payments-sample-app/pages/debug/reversals/fetch.vue
 create mode 100644 8.enabling-payments-with-circle/payments-sample-app/pages/debug/sepa/create.vue
 create mode 100644 8.enabling-payments-with-circle/payments-sample-app/pages/debug/sepa/details.vue
 create mode 100644 8.enabling-payments-with-circle/payments-sample-app/pages/debug/sepa/instructions.vue
 create mode 100644 8.enabling-payments-with-circle/payments-sample-app/pages/debug/settlements/details.vue
 create mode 100644 8.enabling-payments-with-circle/payments-sample-app/pages/debug/settlements/fetch.vue
 create mode 100644 8.enabling-payments-with-circle/payments-sample-app/pages/debug/wallets/addresses/create.vue
 create mode 100644 8.enabling-payments-with-circle/payments-sample-app/pages/debug/wallets/addresses/fetch.vue
 create mode 100644 8.enabling-payments-with-circle/payments-sample-app/pages/debug/wallets/index.vue
 create mode 100644 8.enabling-payments-with-circle/payments-sample-app/pages/debug/wallets/transfers/create.vue
 create mode 100644 8.enabling-payments-with-circle/payments-sample-app/pages/debug/wallets/transfers/details.vue
 create mode 100644 8.enabling-payments-with-circle/payments-sample-app/pages/debug/wallets/transfers/fetch.vue
 create mode 100644 8.enabling-payments-with-circle/payments-sample-app/pages/debug/wallets/wallets/create.vue
 create mode 100644 8.enabling-payments-with-circle/payments-sample-app/pages/debug/wallets/wallets/details.vue
 create mode 100644 8.enabling-payments-with-circle/payments-sample-app/pages/debug/wallets/wallets/fetch.vue
 create mode 100644 8.enabling-payments-with-circle/payments-sample-app/pages/debug/wires/create.vue
 create mode 100644 8.enabling-payments-with-circle/payments-sample-app/pages/debug/wires/details.vue
 create mode 100644 8.enabling-payments-with-circle/payments-sample-app/pages/debug/wires/instructions.vue
 create mode 100644 8.enabling-payments-with-circle/payments-sample-app/pages/flow/card/create/index.vue
 create mode 100644 8.enabling-payments-with-circle/payments-sample-app/pages/flow/charge/existing-card/index.vue
 create mode 100644 8.enabling-payments-with-circle/payments-sample-app/pages/flow/charge/index.vue
 create mode 100644 8.enabling-payments-with-circle/payments-sample-app/pages/index.vue
 create mode 100644 8.enabling-payments-with-circle/payments-sample-app/plugins/README.md
 create mode 100644 8.enabling-payments-with-circle/payments-sample-app/plugins/achApi.ts
 create mode 100644 8.enabling-payments-with-circle/payments-sample-app/plugins/addressesApi.ts
 create mode 100644 8.enabling-payments-with-circle/payments-sample-app/plugins/beta/addressBookApi.ts
 create mode 100644 8.enabling-payments-with-circle/payments-sample-app/plugins/businessAccount/addressesApi.ts
 create mode 100644 8.enabling-payments-with-circle/payments-sample-app/plugins/businessAccount/balancesApi.ts
 create mode 100644 8.enabling-payments-with-circle/payments-sample-app/plugins/businessAccount/bankAccountsApi.ts
 create mode 100644 8.enabling-payments-with-circle/payments-sample-app/plugins/businessAccount/depositsApi.ts
 create mode 100644 8.enabling-payments-with-circle/payments-sample-app/plugins/businessAccount/payoutsApi.ts
 create mode 100644 8.enabling-payments-with-circle/payments-sample-app/plugins/businessAccount/senAccountsApi.ts
 create mode 100644 8.enabling-payments-with-circle/payments-sample-app/plugins/businessAccount/transfersApi.ts
 create mode 100644 8.enabling-payments-with-circle/payments-sample-app/plugins/cardsApi.ts
 create mode 100644 8.enabling-payments-with-circle/payments-sample-app/plugins/chargebacksApi.ts
 create mode 100644 8.enabling-payments-with-circle/payments-sample-app/plugins/checkoutSessionsApi.ts
 create mode 100644 8.enabling-payments-with-circle/payments-sample-app/plugins/cryptoPaymentMetadataApi.ts
 create mode 100644 8.enabling-payments-with-circle/payments-sample-app/plugins/cryptoPaymentsApi.ts
 create mode 100644 8.enabling-payments-with-circle/payments-sample-app/plugins/marketplaceApi.ts
 create mode 100644 8.enabling-payments-with-circle/payments-sample-app/plugins/mocksApi.ts
 create mode 100644 8.enabling-payments-with-circle/payments-sample-app/plugins/paymentIntentsApi.ts
 create mode 100644 8.enabling-payments-with-circle/payments-sample-app/plugins/paymentsApi.ts
 create mode 100644 8.enabling-payments-with-circle/payments-sample-app/plugins/payoutsApi.ts
 create mode 100644 8.enabling-payments-with-circle/payments-sample-app/plugins/sepaApi.ts
 create mode 100644 8.enabling-payments-with-circle/payments-sample-app/plugins/settlementsApi.ts
 create mode 100644 8.enabling-payments-with-circle/payments-sample-app/plugins/transfersApi.ts
 create mode 100644 8.enabling-payments-with-circle/payments-sample-app/plugins/walletsApi.ts
 create mode 100644 8.enabling-payments-with-circle/payments-sample-app/plugins/wiresApi.ts
 create mode 100644 8.enabling-payments-with-circle/payments-sample-app/server-middleware/apiApplePay.ts
 create mode 100644 8.enabling-payments-with-circle/payments-sample-app/server-middleware/apiGooglePay.ts
 create mode 100644 8.enabling-payments-with-circle/payments-sample-app/server-middleware/applePaySettings.ts
 create mode 100644 8.enabling-payments-with-circle/payments-sample-app/server-middleware/domainVerification.ts
 create mode 100644 8.enabling-payments-with-circle/payments-sample-app/server-middleware/googlePaySecrets.ts
 create mode 100644 8.enabling-payments-with-circle/payments-sample-app/server-middleware/serverEnv.ts
 create mode 100644 8.enabling-payments-with-circle/payments-sample-app/server/api.ts
 create mode 100644 8.enabling-payments-with-circle/payments-sample-app/server/index.js
 create mode 100644 8.enabling-payments-with-circle/payments-sample-app/static/README.md
 create mode 100644 8.enabling-payments-with-circle/payments-sample-app/static/favicon.ico
 create mode 100644 8.enabling-payments-with-circle/payments-sample-app/static/v.png
 create mode 100644 8.enabling-payments-with-circle/payments-sample-app/store/README.md
 create mode 100644 8.enabling-payments-with-circle/payments-sample-app/store/index.ts
 create mode 100644 8.enabling-payments-with-circle/payments-sample-app/test/unit/lib/apiTarget.spec.js
 create mode 100644 8.enabling-payments-with-circle/payments-sample-app/tsconfig.json
 create mode 100644 8.enabling-payments-with-circle/payments-sample-app/yarn.lock
 create mode 100644 8.enabling-payments-with-circle/terminal-commands-q4.txt

D:\web3\stackup.dev>git  status
On branch trunk
Your branch is ahead of 'origin/trunk' by 1 commit.
  (use "git push" to publish your local commits)

Changes not staged for commit:
  (use "git add <file>..." to update what will be committed)
  (use "git restore <file>..." to discard changes in working directory)
        modified:   8.enabling-payments-with-circle/terminal-commands-q4.txt

no changes added to commit (use "git add" and/or "git commit -a")

D:\web3\stackup.dev>cd 8.enabling-payments-with-circle

D:\web3\stackup.dev\8.enabling-payments-with-circle>git add .

D:\web3\stackup.dev\8.enabling-payments-with-circle>git status
On branch trunk
Your branch is ahead of 'origin/trunk' by 1 commit.
  (use "git push" to publish your local commits)

Changes to be committed:
  (use "git restore --staged <file>..." to unstage)
        modified:   terminal-commands-q4.txt


D:\web3\stackup.dev\8.enabling-payments-with-circle>git commit -m "terminal-commands-q4.txt"
[trunk 2f20b9e] terminal-commands-q4.txt
 1 file changed, 1342 insertions(+)

D:\web3\stackup.dev\8.enabling-payments-with-circle>git status
On branch trunk
Your branch is ahead of 'origin/trunk' by 2 commits.
  (use "git push" to publish your local commits)

nothing to commit, working tree clean

D:\web3\stackup.dev\8.enabling-payments-with-circle>git push
Enumerating objects: 336, done.
Counting objects: 100% (336/336), done.
Delta compression using up to 8 threads
Compressing objects: 100% (303/303), done.
Writing objects: 100% (335/335), 3.90 MiB | 1.86 MiB/s, done.
Total 335 (delta 138), reused 0 (delta 0), pack-reused 0
remote: Resolving deltas: 100% (138/138), completed with 1 local object.
To https://github.com/suvrajeet01/stackup.dev.git
   dcce055..2f20b9e  trunk -> trunk

D:\web3\stackup.dev\8.enabling-payments-with-circle>cd ..

D:\web3\stackup.dev>git status
On branch trunk
Your branch is up to date with 'origin/trunk'.

nothing to commit, working tree clean

D:\web3\stackup.dev>git status
On branch trunk
Your branch is up to date with 'origin/trunk'.

Changes not staged for commit:
  (use "git add <file>..." to update what will be committed)
  (use "git restore <file>..." to discard changes in working directory)
        modified:   8.enabling-payments-with-circle/terminal-commands-q4.txt

no changes added to commit (use "git add" and/or "git commit -a")

D:\web3\stackup.dev>git add .

D:\web3\stackup.dev>cd 8.enabling-payments-with-circle

D:\web3\stackup.dev\8.enabling-payments-with-circle>git commit -m "terminal commands"
[trunk 8a6e0ac] terminal commands
 1 file changed, 51 insertions(+), 1 deletion(-)

D:\web3\stackup.dev\8.enabling-payments-with-circle>cd ..

D:\web3\stackup.dev>git status
On branch trunk
Your branch is ahead of 'origin/trunk' by 1 commit.
  (use "git push" to publish your local commits)

nothing to commit, working tree clean

D:\web3\stackup.dev>git push
Enumerating objects: 7, done.
Counting objects: 100% (7/7), done.
Delta compression using up to 8 threads
Compressing objects: 100% (4/4), done.
Writing objects: 100% (4/4), 995 bytes | 497.00 KiB/s, done.
Total 4 (delta 3), reused 0 (delta 0), pack-reused 0
remote: Resolving deltas: 100% (3/3), completed with 3 local objects.
To https://github.com/suvrajeet01/stackup.dev.git
   2f20b9e..8a6e0ac  trunk -> trunk

D:\web3\stackup.dev>














































----------------------------------------------------------------------------------------------------------------------------------------







































Microsoft Windows [Version 10.0.19045.2604]
(c) Microsoft Corporation. All rights reserved.

Z:\Project\stackup.dev\8.enabling-payments-with-circle>cd .\..\

Z:\Project\stackup.dev>cd ..

Z:\Project>git status
fatal: not a git repository (or any of the parent directories): .git

Z:\Project>cd stackup.dev

Z:\Project\stackup.dev>cd stackup.dev
The system cannot find the path specified.

Z:\Project\stackup.dev>git status
On branch trunk
Your branch is up to date with 'origin/trunk'.

Untracked files:
  (use "git add <file>..." to include in what will be committed)
        8.enabling-payments-with-circle/5.ach-bank-accountID
        8.enabling-payments-with-circle/5.blockchain-wallet-address
        8.enabling-payments-with-circle/5.master-walletID
        8.enabling-payments-with-circle/5.wires-bank-accountID

nothing added to commit but untracked files present (use "git add" to track)

Z:\Project\stackup.dev>git add .

Z:\Project\stackup.dev>git status
On branch trunk
Your branch is up to date with 'origin/trunk'.

Changes to be committed:
  (use "git restore --staged <file>..." to unstage)
        new file:   8.enabling-payments-with-circle/5.ach-bank-accountID
        new file:   8.enabling-payments-with-circle/5.blockchain-wallet-address
        new file:   8.enabling-payments-with-circle/5.master-walletID
        new file:   8.enabling-payments-with-circle/5.wires-bank-accountID


Z:\Project\stackup.dev>git commit -m "stackup.dev_circle"
Author identity unknown

*** Please tell me who you are.

Run

  git config --global user.email "you@example.com"
  git config --global user.name "Your Name"

to set your account's default identity.
Omit --global to set the identity only in this repository.

fatal: unable to auto-detect email address (got 'suvra@DESKTOP-07CM1IT.(none)')

Z:\Project\stackup.dev>git config -- global user.email "suvrajeetbanerjee34767@gmail.com"
error: key does not contain a section: global

Z:\Project\stackup.dev>git config --global user.email "suvrajeetbanerjee34767@gmail.com"

Z:\Project\stackup.dev>git config --global user.name "suvrajeet01"

Z:\Project\stackup.dev>git commit -m "stackup.dev_circle"
[trunk 1a84c11] stackup.dev_circle
 4 files changed, 4 insertions(+)
 create mode 100644 8.enabling-payments-with-circle/5.ach-bank-accountID
 create mode 100644 8.enabling-payments-with-circle/5.blockchain-wallet-address
 create mode 100644 8.enabling-payments-with-circle/5.master-walletID
 create mode 100644 8.enabling-payments-with-circle/5.wires-bank-accountID

Z:\Project\stackup.dev>git status
On branch trunk
Your branch is ahead of 'origin/trunk' by 1 commit.
  (use "git push" to publish your local commits)

nothing to commit, working tree clean

Z:\Project\stackup.dev>git push
Enumerating objects: 9, done.
Counting objects: 100% (9/9), done.
Delta compression using up to 4 threads
Compressing objects: 100% (3/3), done.
Writing objects: 100% (7/7), 622 bytes | 311.00 KiB/s, done.
Total 7 (delta 2), reused 0 (delta 0), pack-reused 0
remote: Resolving deltas: 100% (2/2), completed with 2 local objects.
To https://github.com/suvrajeet01/stackup.dev.git
   eed449e..1a84c11  trunk -> trunk

Z:\Project\stackup.dev>